Archive member included to satisfy reference by file (symbol)

.\CortexM3\ARM_GCC_541\Debug\Agua.a(CyDmac.o)
                              .\CortexM3\ARM_GCC_541\Debug\Cm3Start.o (CyDmacConfigure)
.\CortexM3\ARM_GCC_541\Debug\Agua.a(CyLib.o)
                              .\CortexM3\ARM_GCC_541\Debug\Cm3Start.o (CyResetStatus)
.\CortexM3\ARM_GCC_541\Debug\Agua.a(cyPm.o)
                              .\CortexM3\ARM_GCC_541\Debug\Agua.a(CyLib.o) (CyPmReadStatus)
.\CortexM3\ARM_GCC_541\Debug\Agua.a(Pin_LED.o)
                              .\CortexM3\ARM_GCC_541\Debug\main.o (Pin_LED_Write)
.\CortexM3\ARM_GCC_541\Debug\Agua.a(ADC_SA1.o)
                              .\CortexM3\ARM_GCC_541\Debug\main.o (ADC_SA1_Start)
.\CortexM3\ARM_GCC_541\Debug\Agua.a(ADC_SA1_INT.o)
                              .\CortexM3\ARM_GCC_541\Debug\Agua.a(ADC_SA1.o) (ADC_SA1_ISR)
.\CortexM3\ARM_GCC_541\Debug\Agua.a(ADC_SA1_SAR.o)
                              .\CortexM3\ARM_GCC_541\Debug\Agua.a(ADC_SA1.o) (ADC_SA1_SAR_shift)
.\CortexM3\ARM_GCC_541\Debug\Agua.a(ADC_SA1_TempBuf_dma.o)
                              .\CortexM3\ARM_GCC_541\Debug\Agua.a(ADC_SA1.o) (ADC_SA1_TempBuf_DmaInitialize)
.\CortexM3\ARM_GCC_541\Debug\Agua.a(ADC_SA1_FinalBuf_dma.o)
                              .\CortexM3\ARM_GCC_541\Debug\Agua.a(ADC_SA1.o) (ADC_SA1_FinalBuf_DmaInitialize)
.\CortexM3\ARM_GCC_541\Debug\Agua.a(ADC_SA1_IRQ.o)
                              .\CortexM3\ARM_GCC_541\Debug\Agua.a(ADC_SA1.o) (ADC_SA1_IRQ_SetVector)
.\CortexM3\ARM_GCC_541\Debug\Agua.a(Pin_LED_R.o)
                              .\CortexM3\ARM_GCC_541\Debug\main.o (Pin_LED_R_Write)
.\CortexM3\ARM_GCC_541\Debug\Agua.a(Pin_LED_V.o)
                              .\CortexM3\ARM_GCC_541\Debug\main.o (Pin_LED_V_Write)
.\CortexM3\ARM_GCC_541\Debug\Agua.a(UART_ESP.o)
                              .\CortexM3\ARM_GCC_541\Debug\main.o (UART_ESP_Start)
.\CortexM3\ARM_GCC_541\Debug\Agua.a(UART_ESP_IntClock.o)
                              .\CortexM3\ARM_GCC_541\Debug\Agua.a(UART_ESP.o) (UART_ESP_IntClock_Start)
.\CortexM3\ARM_GCC_541\Debug\Agua.a(UART_PSOC.o)
                              .\CortexM3\ARM_GCC_541\Debug\main.o (UART_PSOC_Start)
.\CortexM3\ARM_GCC_541\Debug\Agua.a(UART_PSOC_IntClock.o)
                              .\CortexM3\ARM_GCC_541\Debug\Agua.a(UART_PSOC.o) (UART_PSOC_IntClock_Start)
.\CortexM3\ARM_GCC_541\Debug\Agua.a(Pin_Bomba.o)
                              .\CortexM3\ARM_GCC_541\Debug\main.o (Pin_Bomba_Write)
.\CortexM3\ARM_GCC_541\Debug\Agua.a(isr_rx2.o)
                              .\CortexM3\ARM_GCC_541\Debug\main.o (isr_rx2_StartEx)
.\CortexM3\ARM_GCC_541\Debug\Agua.a(PWM.o)
                              .\CortexM3\ARM_GCC_541\Debug\main.o (PWM_Start)
.\CortexM3\ARM_GCC_541\Debug\Agua.a(timerpH.o)
                              .\CortexM3\ARM_GCC_541\Debug\main.o (timerpH_Enable)
.\CortexM3\ARM_GCC_541\Debug\Agua.a(resetTimerpH.o)
                              .\CortexM3\ARM_GCC_541\Debug\main.o (resetTimerpH_Write)
.\CortexM3\ARM_GCC_541\Debug\Agua.a(int_pH.o)
                              .\CortexM3\ARM_GCC_541\Debug\main.o (int_pH_StartEx)
.\CortexM3\ARM_GCC_541\Debug\Agua.a(CyBootAsmGnu.o)
                              .\CortexM3\ARM_GCC_541\Debug\cyfitter_cfg.o (CyDelayCycles)
.\CortexM3\ARM_GCC_541\Debug\Agua.a(CyFlash.o)
                              .\CortexM3\ARM_GCC_541\Debug\Agua.a(cyPm.o) (CyFlash_SetWaitCycles)
.\CortexM3\ARM_GCC_541\Debug\Agua.a(CySpc.o)
                              .\CortexM3\ARM_GCC_541\Debug\Agua.a(CyFlash.o) (CySpcStart)
c:/program files (x86)/cypress/psoc creator/4.4/psoc creator/import/gnu/arm/5.4.1/bin/../lib/gcc/arm-none-eabi/5.4.1/armv7-m\libgcc.a(_arm_addsubdf3.o)
                              .\CortexM3\ARM_GCC_541\Debug\main.o (__aeabi_dsub)
c:/program files (x86)/cypress/psoc creator/4.4/psoc creator/import/gnu/arm/5.4.1/bin/../lib/gcc/arm-none-eabi/5.4.1/armv7-m\libgcc.a(_arm_muldivdf3.o)
                              .\CortexM3\ARM_GCC_541\Debug\main.o (__aeabi_dmul)
c:/program files (x86)/cypress/psoc creator/4.4/psoc creator/import/gnu/arm/5.4.1/bin/../lib/gcc/arm-none-eabi/5.4.1/armv7-m\libgcc.a(_arm_truncdfsf2.o)
                              .\CortexM3\ARM_GCC_541\Debug\main.o (__aeabi_d2f)
c:/program files (x86)/cypress/psoc creator/4.4/psoc creator/import/gnu/arm/5.4.1/bin/../lib/gcc/arm-none-eabi/5.4.1/armv7-m\libgcc.a(_arm_addsubsf3.o)
                              .\CortexM3\ARM_GCC_541\Debug\Agua.a(ADC_SA1_SAR.o) (__aeabi_i2f)
c:/program files (x86)/cypress/psoc creator/4.4/psoc creator/import/gnu/arm/5.4.1/bin/../lib/gcc/arm-none-eabi/5.4.1/armv7-m\libgcc.a(_arm_muldivsf3.o)
                              .\CortexM3\ARM_GCC_541\Debug\Agua.a(ADC_SA1_SAR.o) (__aeabi_fmul)
c:/program files (x86)/cypress/psoc creator/4.4/psoc creator/import/gnu/arm/5.4.1/bin/../lib/gcc/arm-none-eabi/5.4.1/armv7-m\libgcc.a(_arm_cmpsf2.o)
                              .\CortexM3\ARM_GCC_541\Debug\main.o (__aeabi_fcmplt)
[...]
Memory Configuration

Name             Origin             Length             Attributes
rom              0x00000000         0x00040000         xr
ram              0x1fff8000         0x00010000         xrw
*default*        0x00000000         0xffffffff

Linker script and memory map

LOAD c:/program files (x86)/cypress/psoc creator/4.4/psoc creator/import/gnu/arm/5.4.1/bin/../lib/gcc/arm-none-eabi/5.4.1/armv7-m/crti.o
LOAD c:/program files (x86)/cypress/psoc creator/4.4/psoc creator/import/gnu/arm/5.4.1/bin/../lib/gcc/arm-none-eabi/5.4.1/armv7-m/crtbegin.o
LOAD c:/program files (x86)/cypress/psoc creator/4.4/psoc creator/import/gnu/arm/5.4.1/bin/../lib/gcc/arm-none-eabi/5.4.1/../../../../arm-none-eabi/lib/armv7-m/crt0.o
START GROUP
LOAD .\CortexM3\ARM_GCC_541\Debug\main.o
LOAD .\CortexM3\ARM_GCC_541\Debug\ESP.o
LOAD .\CortexM3\ARM_GCC_541\Debug\Sensores.o
LOAD .\CortexM3\ARM_GCC_541\Debug\cyfitter_cfg.o
LOAD .\CortexM3\ARM_GCC_541\Debug\cymetadata.o
LOAD .\CortexM3\ARM_GCC_541\Debug\Cm3Start.o
LOAD .\CortexM3\ARM_GCC_541\Debug\Agua.a
LOAD C:\Program Files (x86)\Cypress\PSoC Creator\4.4\PSoC Creator\psoc\content\cycomponentlibrary\CyComponentLibrary.cylib\CortexM3\ARM_GCC_541\Debug\CyComponentLibrary.a
END GROUP
START GROUP
LOAD c:/program files (x86)/cypress/psoc creator/4.4/psoc creator/import/gnu/arm/5.4.1/bin/../lib/gcc/arm-none-eabi/5.4.1/armv7-m\libgcc.a
LOAD c:/program files (x86)/cypress/psoc creator/4.4/psoc creator/import/gnu/arm/5.4.1/bin/../lib/gcc/arm-none-eabi/5.4.1/../../../../arm-none-eabi/lib/armv7-m\libg_nano.a
LOAD c:/program files (x86)/cypress/psoc creator/4.4/psoc creator/import/gnu/arm/5.4.1/bin/../lib/gcc/arm-none-eabi/5.4.1/../../../../arm-none-eabi/lib/armv7-m\libc_nano.a
END GROUP
START GROUP
LOAD c:/program files (x86)/cypress/psoc creator/4.4/psoc creator/import/gnu/arm/5.4.1/bin/../lib/gcc/arm-none-eabi/5.4.1/armv7-m\libgcc.a
LOAD c:/program files (x86)/cypress/psoc creator/4.4/psoc creator/import/gnu/arm/5.4.1/bin/../lib/gcc/arm-none-eabi/5.4.1/../../../../arm-none-eabi/lib/armv7-m\libc_nano.a
END GROUP
LOAD c:/program files (x86)/cypress/psoc creator/4.4/psoc creator/import/gnu/arm/5.4.1/bin/../lib/gcc/arm-none-eabi/5.4.1/armv7-m/crtend.o
LOAD c:/program files (x86)/cypress/psoc creator/4.4/psoc creator/import/gnu/arm/5.4.1/bin/../lib/gcc/arm-none-eabi/5.4.1/armv7-m/crtn.o
START GROUP
LOAD c:/program files (x86)/cypress/psoc creator/4.4/psoc creator/import/gnu/arm/5.4.1/bin/../lib/gcc/arm-none-eabi/5.4.1/armv7-m\libgcc.a
LOAD c:/program files (x86)/cypress/psoc creator/4.4/psoc creator/import/gnu/arm/5.4.1/bin/../lib/gcc/arm-none-eabi/5.4.1/../../../../arm-none-eabi/lib/armv7-m\libc.a
LOAD c:/program files (x86)/cypress/psoc creator/4.4/psoc creator/import/gnu/arm/5.4.1/bin/../lib/gcc/arm-none-eabi/5.4.1/../../../../arm-none-eabi/lib/armv7-m\libnosys.a
END GROUP
                0x00000000                CY_APPL_ORIGIN = 0x0
                0x00000100                CY_FLASH_ROW_SIZE = 0x100
                0x00000020                CY_ECC_ROW_SIZE = 0x20
                0x00000000                CY_EE_IN_BTLDR = 0x0
                0x00000000                CY_APPL_LOADABLE = 0x0
                0x00000800                CY_EE_SIZE = 0x800
                0x00000001                CY_APPL_NUM = 0x1
                0x00000001                CY_APPL_MAX = 0x1
                0x00000040                CY_METADATA_SIZE = 0x40
                0x00000000                CY_APPL_LOADABLE = 0x0
                0x00000000                CY_CHECKSUM_EXCLUDE_SIZE = ALIGN (0x0, CY_FLASH_ROW_SIZE)
                [!provide]                PROVIDE (__cy_heap_start, _end)
                0x00000001                PROVIDE (__cy_region_num, ((__cy_regions_end - __cy_regions) / 0x10))
                0x20008000                PROVIDE (__cy_stack, (ORIGIN (ram) + LENGTH (ram)))
                [!provide]                PROVIDE (__cy_heap_end, (__cy_stack - 0x800))

.cybootloader   0x00000000        0x0
 *(.cybootloader)
                0x00000000                appl1_start = CY_APPL_ORIGIN?CY_APPL_ORIGIN:ALIGN (CY_FLASH_ROW_SIZE)
                0x0001ff00                appl2_start = (appl1_start + ALIGN ((((LENGTH (rom) - appl1_start) - (0x2 * CY_FLASH_ROW_SIZE)) / 0x2), CY_FLASH_ROW_SIZE))
                0x00000000                appl_start = (CY_APPL_NUM == 0x1)?appl1_start:appl2_start
                0x00000000                ecc_offset = ((appl_start / CY_FLASH_ROW_SIZE) * CY_ECC_ROW_SIZE)
                0x00000000                ee_offset = (CY_APPL_LOADABLE && ! (CY_EE_IN_BTLDR))?((CY_EE_SIZE / CY_APPL_MAX) * (CY_APPL_NUM - 0x1)):0x0
                0x00000800                ee_size = (CY_APPL_LOADABLE && ! (CY_EE_IN_BTLDR))?(CY_EE_SIZE / CY_APPL_MAX):CY_EE_SIZE
                [!provide]                PROVIDE (CY_ECC_OFFSET, ecc_offset)

.text           0x00000000     0x6490
 CREATE_OBJECT_SYMBOLS
                0x00000000                PROVIDE (__cy_interrupt_vector, RomVectors)
 *(.romvectors)
 .romvectors    0x00000000       0x10 .\CortexM3\ARM_GCC_541\Debug\Cm3Start.o
                0x00000000                RomVectors
                0x00000001                ASSERT ((. != __cy_interrupt_vector), No interrupt vector)
                0x00000001                ASSERT (CY_APPL_ORIGIN?(SIZEOF (.cybootloader) <= CY_APPL_ORIGIN):0x1, Wrong image location)
                0x00000010                PROVIDE (__cy_reset, Reset)
 *(.text.Reset)
 .text.Reset    0x00000010       0x18 .\CortexM3\ARM_GCC_541\Debug\Cm3Start.o
                0x00000010                Reset
                0x00000001                ASSERT ((. != __cy_reset), No reset code)
 *(.dma_init)
                0x00000001                ASSERT ((((appl_start + .) <= 0x10000) || 0x1), DMA Init must be within the first 64k of flash)
 *(.text .text.* .gnu.linkonce.t.*)
 .text          0x00000028       0x5c c:/program files (x86)/cypress/psoc creator/4.4/psoc creator/import/gnu/arm/5.4.1/bin/../lib/gcc/arm-none-eabi/5.4.1/armv7-m/crtbegin.o
 .text.ver_pH   0x00000084       0x18 .\CortexM3\ARM_GCC_541\Debug\main.o
                0x00000084                ver_pH
 .text.actualizarConfigPH
                0x0000009c       0x60 .\CortexM3\ARM_GCC_541\Debug\main.o
                0x0000009c                actualizarConfigPH
 .text.conv_pH  0x000000fc       0x88 .\CortexM3\ARM_GCC_541\Debug\main.o
                0x000000fc                conv_pH
 .text.servoPosition
                0x00000184       0x6c .\CortexM3\ARM_GCC_541\Debug\main.o
                0x00000184                servoPosition
 .text.init_ADC
                0x000001f0        0xc .\CortexM3\ARM_GCC_541\Debug\main.o
                0x000001f0                init_ADC
 .text.sensor_de_agua
                0x000001fc       0x70 .\CortexM3\ARM_GCC_541\Debug\main.o
                0x000001fc                sensor_de_agua
 *fill*         0x0000026c        0x4 
 .text.sensor_PH
                0x00000270      0x148 .\CortexM3\ARM_GCC_541\Debug\main.o
                0x00000270                sensor_PH
 .text.enviar_Respuesta
                0x000003b8       0xc0 .\CortexM3\ARM_GCC_541\Debug\main.o
                0x000003b8                enviar_Respuesta
 .text.leerESP  0x00000478       0xc4 .\CortexM3\ARM_GCC_541\Debug\main.o
                0x00000478                leerESP
 .text.main     0x0000053c       0xb8 .\CortexM3\ARM_GCC_541\Debug\main.o
                0x0000053c                main
 .text.CYMEMZERO
                0x000005f4       0x1c .\CortexM3\ARM_GCC_541\Debug\cyfitter_cfg.o
 .text.CYCONFIGCPY
                0x00000610       0x20 .\CortexM3\ARM_GCC_541\Debug\cyfitter_cfg.o
 .text.CyClockStartupError
                0x00000630        0xc .\CortexM3\ARM_GCC_541\Debug\cyfitter_cfg.o
 .text.cfg_write_bytes32
                0x0000063c       0x74 .\CortexM3\ARM_GCC_541\Debug\cyfitter_cfg.o
 .text.ClockSetup
                0x000006b0      0x154 .\CortexM3\ARM_GCC_541\Debug\cyfitter_cfg.o
 .text.AnalogSetDefault
                0x00000804       0xb0 .\CortexM3\ARM_GCC_541\Debug\cyfitter_cfg.o
 .text.cyfitter_cfg
                0x000008b4      0x1c0 .\CortexM3\ARM_GCC_541\Debug\cyfitter_cfg.o
                0x000008b4                cyfitter_cfg
 .text.IntDefaultHandler
                0x00000a74       0x14 .\CortexM3\ARM_GCC_541\Debug\Cm3Start.o
                0x00000a74                IntDefaultHandler
 .text._sbrk    0x00000a88       0x54 .\CortexM3\ARM_GCC_541\Debug\Cm3Start.o
                0x00000a88                _sbrk
 .text.Start_c  0x00000adc       0x98 .\CortexM3\ARM_GCC_541\Debug\Cm3Start.o
                0x00000adc                Start_c
 .text.initialize_psoc
                0x00000b74       0x94 .\CortexM3\ARM_GCC_541\Debug\Cm3Start.o
                0x00000b74                initialize_psoc
 .text.CyDmacConfigure
                0x00000c08       0x5c .\CortexM3\ARM_GCC_541\Debug\Agua.a(CyDmac.o)
                0x00000c08                CyDmacConfigure
 .text.CyDmaChEnable
                0x00000c64       0x8c .\CortexM3\ARM_GCC_541\Debug\Agua.a(CyDmac.o)
                0x00000c64                CyDmaChEnable
 .text.CyDmaClearPendingDrq
                0x00000cf0       0x60 .\CortexM3\ARM_GCC_541\Debug\Agua.a(CyDmac.o)
                0x00000cf0                CyDmaClearPendingDrq
 .text.CyDmaChPriority
                0x00000d50       0x64 .\CortexM3\ARM_GCC_541\Debug\Agua.a(CyDmac.o)
                0x00000d50                CyDmaChPriority
 .text.CyDmaChSetExtendedAddress
                0x00000db4       0x78 .\CortexM3\ARM_GCC_541\Debug\Agua.a(CyDmac.o)
                0x00000db4                CyDmaChSetExtendedAddress
 .text.CyDmaChSetInitialTd
                0x00000e2c       0x3c .\CortexM3\ARM_GCC_541\Debug\Agua.a(CyDmac.o)
                0x00000e2c                CyDmaChSetInitialTd
 .text.CyDmaChSetConfiguration
                0x00000e68       0xa0 .\CortexM3\ARM_GCC_541\Debug\Agua.a(CyDmac.o)
                0x00000e68                CyDmaChSetConfiguration
 .text.CyDmaTdAllocate
                0x00000f08       0x5c .\CortexM3\ARM_GCC_541\Debug\Agua.a(CyDmac.o)
                0x00000f08                CyDmaTdAllocate
 .text.CyDmaTdSetConfiguration
                0x00000f64       0x80 .\CortexM3\ARM_GCC_541\Debug\Agua.a(CyDmac.o)
                0x00000f64                CyDmaTdSetConfiguration
 .text.CyDmaTdSetAddress
                0x00000fe4       0x5c .\CortexM3\ARM_GCC_541\Debug\Agua.a(CyDmac.o)
                0x00000fe4                CyDmaTdSetAddress
 .text.CyHalt   0x00001040       0x18 .\CortexM3\ARM_GCC_541\Debug\Agua.a(CyLib.o)
                0x00001040                CyHalt
 .text.CyDelayUs
                0x00001058       0x28 .\CortexM3\ARM_GCC_541\Debug\Agua.a(CyLib.o)
                0x00001058                CyDelayUs
 .text.Pin_LED_Write
                0x00001080       0x3c .\CortexM3\ARM_GCC_541\Debug\Agua.a(Pin_LED.o)
                0x00001080                Pin_LED_Write
 .text.ADC_SA1_Init
                0x000010bc       0x50 .\CortexM3\ARM_GCC_541\Debug\Agua.a(ADC_SA1.o)
                0x000010bc                ADC_SA1_Init
 .text.ADC_SA1_Enable
                0x0000110c      0x130 .\CortexM3\ARM_GCC_541\Debug\Agua.a(ADC_SA1.o)
                0x0000110c                ADC_SA1_Enable
 .text.ADC_SA1_Start
                0x0000123c       0x30 .\CortexM3\ARM_GCC_541\Debug\Agua.a(ADC_SA1.o)
                0x0000123c                ADC_SA1_Start
 .text.ADC_SA1_StartConvert
                0x0000126c        0xc .\CortexM3\ARM_GCC_541\Debug\Agua.a(ADC_SA1.o)
                0x0000126c                ADC_SA1_StartConvert
 .text.ADC_SA1_GetResult16
                0x00001278       0x38 .\CortexM3\ARM_GCC_541\Debug\Agua.a(ADC_SA1.o)
                0x00001278                ADC_SA1_GetResult16
 .text.ADC_SA1_CountsTo_Volts
                0x000012b0       0x20 .\CortexM3\ARM_GCC_541\Debug\Agua.a(ADC_SA1.o)
                0x000012b0                ADC_SA1_CountsTo_Volts
 .text.ADC_SA1_ISR
                0x000012d0        0xc .\CortexM3\ARM_GCC_541\Debug\Agua.a(ADC_SA1_INT.o)
                0x000012d0                ADC_SA1_ISR
 .text.ADC_SA1_SAR_Start
                0x000012dc       0x24 .\CortexM3\ARM_GCC_541\Debug\Agua.a(ADC_SA1_SAR.o)
                0x000012dc                ADC_SA1_SAR_Start
 .text.ADC_SA1_SAR_Init
                0x00001300       0x2c .\CortexM3\ARM_GCC_541\Debug\Agua.a(ADC_SA1_SAR.o)
                0x00001300                ADC_SA1_SAR_Init
 .text.ADC_SA1_SAR_Enable
                0x0000132c       0xc4 .\CortexM3\ARM_GCC_541\Debug\Agua.a(ADC_SA1_SAR.o)
                0x0000132c                ADC_SA1_SAR_Enable
 .text.ADC_SA1_SAR_SetResolution
                0x000013f0       0x54 .\CortexM3\ARM_GCC_541\Debug\Agua.a(ADC_SA1_SAR.o)
                0x000013f0                ADC_SA1_SAR_SetResolution
 .text.ADC_SA1_SAR_StartConvert
                0x00001444       0x20 .\CortexM3\ARM_GCC_541\Debug\Agua.a(ADC_SA1_SAR.o)
                0x00001444                ADC_SA1_SAR_StartConvert
 .text.ADC_SA1_SAR_CalcGain
                0x00001464       0x80 .\CortexM3\ARM_GCC_541\Debug\Agua.a(ADC_SA1_SAR.o)
 .text.ADC_SA1_SAR_CountsTo_Volts
                0x000014e4       0x84 .\CortexM3\ARM_GCC_541\Debug\Agua.a(ADC_SA1_SAR.o)
                0x000014e4                ADC_SA1_SAR_CountsTo_Volts
 .text.ADC_SA1_TempBuf_DmaInitialize
                0x00001568       0x64 .\CortexM3\ARM_GCC_541\Debug\Agua.a(ADC_SA1_TempBuf_dma.o)
                0x00001568                ADC_SA1_TempBuf_DmaInitialize
 .text.ADC_SA1_FinalBuf_DmaInitialize
                0x000015cc       0x64 .\CortexM3\ARM_GCC_541\Debug\Agua.a(ADC_SA1_FinalBuf_dma.o)
                0x000015cc                ADC_SA1_FinalBuf_DmaInitialize
 .text.ADC_SA1_IRQ_SetVector
                0x00001630       0x24 .\CortexM3\ARM_GCC_541\Debug\Agua.a(ADC_SA1_IRQ.o)
                0x00001630                ADC_SA1_IRQ_SetVector
 .text.ADC_SA1_IRQ_SetPriority
                0x00001654       0x24 .\CortexM3\ARM_GCC_541\Debug\Agua.a(ADC_SA1_IRQ.o)
                0x00001654                ADC_SA1_IRQ_SetPriority
 .text.Pin_LED_R_Write
                0x00001678       0x38 .\CortexM3\ARM_GCC_541\Debug\Agua.a(Pin_LED_R.o)
                0x00001678                Pin_LED_R_Write
 .text.Pin_LED_V_Write
                0x000016b0       0x3c .\CortexM3\ARM_GCC_541\Debug\Agua.a(Pin_LED_V.o)
                0x000016b0                Pin_LED_V_Write
 .text.UART_ESP_Start
                0x000016ec       0x24 .\CortexM3\ARM_GCC_541\Debug\Agua.a(UART_ESP.o)
                0x000016ec                UART_ESP_Start
 .text.UART_ESP_Init
                0x00001710       0x40 .\CortexM3\ARM_GCC_541\Debug\Agua.a(UART_ESP.o)
                0x00001710                UART_ESP_Init
 .text.UART_ESP_Enable
                0x00001750       0x60 .\CortexM3\ARM_GCC_541\Debug\Agua.a(UART_ESP.o)
                0x00001750                UART_ESP_Enable
 .text.UART_ESP_GetChar
                0x000017b0       0x44 .\CortexM3\ARM_GCC_541\Debug\Agua.a(UART_ESP.o)
                0x000017b0                UART_ESP_GetChar
 .text.UART_ESP_PutChar
                0x000017f4       0x34 .\CortexM3\ARM_GCC_541\Debug\Agua.a(UART_ESP.o)
                0x000017f4                UART_ESP_PutChar
 .text.UART_ESP_PutString
                0x00001828       0x44 .\CortexM3\ARM_GCC_541\Debug\Agua.a(UART_ESP.o)
                0x00001828                UART_ESP_PutString
 .text.UART_ESP_IntClock_Start
                0x0000186c       0x34 .\CortexM3\ARM_GCC_541\Debug\Agua.a(UART_ESP_IntClock.o)
                0x0000186c                UART_ESP_IntClock_Start
 .text.UART_PSOC_Start
                0x000018a0       0x24 .\CortexM3\ARM_GCC_541\Debug\Agua.a(UART_PSOC.o)
                0x000018a0                UART_PSOC_Start
 .text.UART_PSOC_Init
                0x000018c4       0x40 .\CortexM3\ARM_GCC_541\Debug\Agua.a(UART_PSOC.o)
                0x000018c4                UART_PSOC_Init
 .text.UART_PSOC_Enable
                0x00001904       0x60 .\CortexM3\ARM_GCC_541\Debug\Agua.a(UART_PSOC.o)
                0x00001904                UART_PSOC_Enable
 .text.UART_PSOC_PutChar
                0x00001964       0x34 .\CortexM3\ARM_GCC_541\Debug\Agua.a(UART_PSOC.o)
                0x00001964                UART_PSOC_PutChar
 .text.UART_PSOC_PutString
                0x00001998       0x44 .\CortexM3\ARM_GCC_541\Debug\Agua.a(UART_PSOC.o)
                0x00001998                UART_PSOC_PutString
 .text.UART_PSOC_IntClock_Start
                0x000019dc       0x34 .\CortexM3\ARM_GCC_541\Debug\Agua.a(UART_PSOC_IntClock.o)
                0x000019dc                UART_PSOC_IntClock_Start
 .text.Pin_Bomba_Write
                0x00001a10       0x3c .\CortexM3\ARM_GCC_541\Debug\Agua.a(Pin_Bomba.o)
                0x00001a10                Pin_Bomba_Write
 .text.isr_rx2_StartEx
                0x00001a4c       0x24 .\CortexM3\ARM_GCC_541\Debug\Agua.a(isr_rx2.o)
                0x00001a4c                isr_rx2_StartEx
 .text.isr_rx2_SetVector
                0x00001a70       0x24 .\CortexM3\ARM_GCC_541\Debug\Agua.a(isr_rx2.o)
                0x00001a70                isr_rx2_SetVector
 .text.isr_rx2_SetPriority
                0x00001a94       0x24 .\CortexM3\ARM_GCC_541\Debug\Agua.a(isr_rx2.o)
                0x00001a94                isr_rx2_SetPriority
 .text.isr_rx2_Enable
                0x00001ab8       0x18 .\CortexM3\ARM_GCC_541\Debug\Agua.a(isr_rx2.o)
                0x00001ab8                isr_rx2_Enable
 .text.isr_rx2_Disable
                0x00001ad0       0x18 .\CortexM3\ARM_GCC_541\Debug\Agua.a(isr_rx2.o)
                0x00001ad0                isr_rx2_Disable
 .text.PWM_Start
                0x00001ae8       0x24 .\CortexM3\ARM_GCC_541\Debug\Agua.a(PWM.o)
                0x00001ae8                PWM_Start
 .text.PWM_Init
                0x00001b0c       0x9c .\CortexM3\ARM_GCC_541\Debug\Agua.a(PWM.o)
                0x00001b0c                PWM_Init
 .text.PWM_Enable
                0x00001ba8       0x20 .\CortexM3\ARM_GCC_541\Debug\Agua.a(PWM.o)
                0x00001ba8                PWM_Enable
 .text.PWM_WriteCounter
                0x00001bc8       0x20 .\CortexM3\ARM_GCC_541\Debug\Agua.a(PWM.o)
                0x00001bc8                PWM_WriteCounter
 .text.PWM_ClearFIFO
                0x00001be8       0x1c .\CortexM3\ARM_GCC_541\Debug\Agua.a(PWM.o)
                0x00001be8                PWM_ClearFIFO
 .text.PWM_WritePeriod
                0x00001c04       0x20 .\CortexM3\ARM_GCC_541\Debug\Agua.a(PWM.o)
                0x00001c04                PWM_WritePeriod
 .text.PWM_WriteCompare1
                0x00001c24       0x20 .\CortexM3\ARM_GCC_541\Debug\Agua.a(PWM.o)
                0x00001c24                PWM_WriteCompare1
 .text.PWM_WriteCompare2
                0x00001c44       0x20 .\CortexM3\ARM_GCC_541\Debug\Agua.a(PWM.o)
                0x00001c44                PWM_WriteCompare2
 .text.PWM_SetInterruptMode
                0x00001c64       0x20 .\CortexM3\ARM_GCC_541\Debug\Agua.a(PWM.o)
                0x00001c64                PWM_SetInterruptMode
 .text.PWM_ReadStatusRegister
                0x00001c84       0x18 .\CortexM3\ARM_GCC_541\Debug\Agua.a(PWM.o)
                0x00001c84                PWM_ReadStatusRegister
 .text.PWM_ReadCapture
                0x00001c9c       0x18 .\CortexM3\ARM_GCC_541\Debug\Agua.a(PWM.o)
                0x00001c9c                PWM_ReadCapture
 .text.timerpH_Init
                0x00001cb4       0xb0 .\CortexM3\ARM_GCC_541\Debug\Agua.a(timerpH.o)
                0x00001cb4                timerpH_Init
 .text.timerpH_Enable
                0x00001d64       0x48 .\CortexM3\ARM_GCC_541\Debug\Agua.a(timerpH.o)
                0x00001d64                timerpH_Enable
 .text.timerpH_Start
                0x00001dac       0x24 .\CortexM3\ARM_GCC_541\Debug\Agua.a(timerpH.o)
                0x00001dac                timerpH_Start
 .text.timerpH_SetInterruptMode
                0x00001dd0       0x20 .\CortexM3\ARM_GCC_541\Debug\Agua.a(timerpH.o)
                0x00001dd0                timerpH_SetInterruptMode
 .text.timerpH_WritePeriod
                0x00001df0       0x24 .\CortexM3\ARM_GCC_541\Debug\Agua.a(timerpH.o)
                0x00001df0                timerpH_WritePeriod
 .text.timerpH_WriteCounter
                0x00001e14       0x20 .\CortexM3\ARM_GCC_541\Debug\Agua.a(timerpH.o)
                0x00001e14                timerpH_WriteCounter
 .text.resetTimerpH_Write
                0x00001e34       0x20 .\CortexM3\ARM_GCC_541\Debug\Agua.a(resetTimerpH.o)
                0x00001e34                resetTimerpH_Write
 .text.int_pH_StartEx
                0x00001e54       0x24 .\CortexM3\ARM_GCC_541\Debug\Agua.a(int_pH.o)
                0x00001e54                int_pH_StartEx
 .text.int_pH_SetVector
                0x00001e78       0x24 .\CortexM3\ARM_GCC_541\Debug\Agua.a(int_pH.o)
                0x00001e78                int_pH_SetVector
 .text.int_pH_SetPriority
                0x00001e9c       0x24 .\CortexM3\ARM_GCC_541\Debug\Agua.a(int_pH.o)
                0x00001e9c                int_pH_SetPriority
 .text.int_pH_Enable
                0x00001ec0       0x18 .\CortexM3\ARM_GCC_541\Debug\Agua.a(int_pH.o)
                0x00001ec0                int_pH_Enable
 .text.int_pH_Disable
                0x00001ed8       0x18 .\CortexM3\ARM_GCC_541\Debug\Agua.a(int_pH.o)
                0x00001ed8                int_pH_Disable
 .text          0x00001ef0       0x20 .\CortexM3\ARM_GCC_541\Debug\Agua.a(CyBootAsmGnu.o)
                0x00001ef0                CyDelayCycles
                0x00001f00                CyEnterCriticalSection
                0x00001f08                CyExitCriticalSection
 .text          0x00001f10      0x370 c:/program files (x86)/cypress/psoc creator/4.4/psoc creator/import/gnu/arm/5.4.1/bin/../lib/gcc/arm-none-eabi/5.4.1/armv7-m\libgcc.a(_arm_addsubdf3.o)
                0x00001f10                __aeabi_drsub
                0x00001f18                __aeabi_dsub
                0x00001f18                __subdf3
                0x00001f1c                __aeabi_dadd
                0x00001f1c                __adddf3
                0x00002194                __floatunsidf
                0x00002194                __aeabi_ui2d
                0x000021b4                __floatsidf
                0x000021b4                __aeabi_i2d
                0x000021d8                __aeabi_f2d
                0x000021d8                __extendsfdf2
                0x00002214                __floatundidf
                0x00002214                __aeabi_ul2d
                0x00002224                __floatdidf
                0x00002224                __aeabi_l2d
 .text          0x00002280      0x424 c:/program files (x86)/cypress/psoc creator/4.4/psoc creator/import/gnu/arm/5.4.1/bin/../lib/gcc/arm-none-eabi/5.4.1/armv7-m\libgcc.a(_arm_muldivdf3.o)
                0x00002280                __aeabi_dmul
                0x00002280                __muldf3
                0x000024d4                __divdf3
                0x000024d4                __aeabi_ddiv
 .text          0x000026a4       0xa0 c:/program files (x86)/cypress/psoc creator/4.4/psoc creator/import/gnu/arm/5.4.1/bin/../lib/gcc/arm-none-eabi/5.4.1/armv7-m\libgcc.a(_arm_truncdfsf2.o)
                0x000026a4                __truncdfsf2
                0x000026a4                __aeabi_d2f
 .text          0x00002744      0x21c c:/program files (x86)/cypress/psoc creator/4.4/psoc creator/import/gnu/arm/5.4.1/bin/../lib/gcc/arm-none-eabi/5.4.1/armv7-m\libgcc.a(_arm_addsubsf3.o)
                0x00002744                __aeabi_frsub
                0x0000274c                __subsf3
                0x0000274c                __aeabi_fsub
                0x00002750                __aeabi_fadd
                0x00002750                __addsf3
                0x000028b0                __aeabi_ui2f
                0x000028b0                __floatunsisf
                0x000028b8                __aeabi_i2f
                0x000028b8                __floatsisf
                0x000028d4                __aeabi_ul2f
                0x000028d4                __floatundisf
                0x000028e4                __aeabi_l2f
                0x000028e4                __floatdisf
 .text          0x00002960      0x2a0 c:/program files (x86)/cypress/psoc creator/4.4/psoc creator/import/gnu/arm/5.4.1/bin/../lib/gcc/arm-none-eabi/5.4.1/armv7-m\libgcc.a(_arm_muldivsf3.o)
                0x00002960                __mulsf3
                0x00002960                __aeabi_fmul
                0x00002ac8                __aeabi_fdiv
                0x00002ac8                __divsf3
 .text          0x00002c00       0xec c:/program files (x86)/cypress/psoc creator/4.4/psoc creator/import/gnu/arm/5.4.1/bin/../lib/gcc/arm-none-eabi/5.4.1/armv7-m\libgcc.a(_arm_cmpsf2.o)
                0x00002c00                __gesf2
                0x00002c00                __gtsf2
                0x00002c08                __lesf2
                0x00002c08                __ltsf2
                0x00002c10                __nesf2
                0x00002c10                __eqsf2
                0x00002c10                __cmpsf2
                0x00002c70                __aeabi_cfrcmple
                0x00002c78                __aeabi_cfcmpeq
                0x00002c78                __aeabi_cfcmple
                0x00002c88                __aeabi_fcmpeq
                0x00002c9c                __aeabi_fcmplt
                0x00002cb0                __aeabi_fcmple
                0x00002cc4                __aeabi_fcmpge
                0x00002cd8                __aeabi_fcmpgt
 .text.__errno  0x00002cec        0xc c:/program files (x86)/cypress/psoc creator/4.4/psoc creator/import/gnu/arm/5.4.1/bin/../lib/gcc/arm-none-eabi/5.4.1/../../../../arm-none-eabi/lib/armv7-m\libg_nano.a(lib_a-errno.o)
                0x00002cec                __errno
 .text.__libc_init_array
                0x00002cf8       0x4c c:/program files (x86)/cypress/psoc creator/4.4/psoc creator/import/gnu/arm/5.4.1/bin/../lib/gcc/arm-none-eabi/5.4.1/../../../../arm-none-eabi/lib/armv7-m\libg_nano.a(lib_a-init.o)
                0x00002cf8                __libc_init_array
 .text.memcpy   0x00002d44       0x16 c:/program files (x86)/cypress/psoc creator/4.4/psoc creator/import/gnu/arm/5.4.1/bin/../lib/gcc/arm-none-eabi/5.4.1/../../../../arm-none-eabi/lib/armv7-m\libg_nano.a(lib_a-memcpy-stub.o)
                0x00002d44                memcpy
 .text.memset   0x00002d5a       0x10 c:/program files (x86)/cypress/psoc creator/4.4/psoc creator/import/gnu/arm/5.4.1/bin/../lib/gcc/arm-none-eabi/5.4.1/../../../../arm-none-eabi/lib/armv7-m\libg_nano.a(lib_a-memset.o)
                0x00002d5a                memset
 .text.__cvt    0x00002d6a       0xc0 c:/program files (x86)/cypress/psoc creator/4.4/psoc creator/import/gnu/arm/5.4.1/bin/../lib/gcc/arm-none-eabi/5.4.1/../../../../arm-none-eabi/lib/armv7-m\libg_nano.a(lib_a-nano-vfprintf_float.o)
                0x00002d6a                __cvt
 .text.__exponent
                0x00002e2a       0x62 c:/program files (x86)/cypress/psoc creator/4.4/psoc creator/import/gnu/arm/5.4.1/bin/../lib/gcc/arm-none-eabi/5.4.1/../../../../arm-none-eabi/lib/armv7-m\libg_nano.a(lib_a-nano-vfprintf_float.o)
                0x00002e2a                __exponent
 .text._printf_float
                0x00002e8c      0x488 c:/program files (x86)/cypress/psoc creator/4.4/psoc creator/import/gnu/arm/5.4.1/bin/../lib/gcc/arm-none-eabi/5.4.1/../../../../arm-none-eabi/lib/armv7-m\libg_nano.a(lib_a-nano-vfprintf_float.o)
                0x00002e8c                _printf_float
 .text._printf_common
                0x00003314       0xec c:/program files (x86)/cypress/psoc creator/4.4/psoc creator/import/gnu/arm/5.4.1/bin/../lib/gcc/arm-none-eabi/5.4.1/../../../../arm-none-eabi/lib/armv7-m\libg_nano.a(lib_a-nano-vfprintf_i.o)
                0x00003314                _printf_common
 .text._printf_i
                0x00003400      0x24c c:/program files (x86)/cypress/psoc creator/4.4/psoc creator/import/gnu/arm/5.4.1/bin/../lib/gcc/arm-none-eabi/5.4.1/../../../../arm-none-eabi/lib/armv7-m\libg_nano.a(lib_a-nano-vfprintf_i.o)
                0x00003400                _printf_i
 .text.snprintf
                0x0000364c       0x64 c:/program files (x86)/cypress/psoc creator/4.4/psoc creator/import/gnu/arm/5.4.1/bin/../lib/gcc/arm-none-eabi/5.4.1/../../../../arm-none-eabi/lib/armv7-m\libg_nano.a(lib_a-snprintf.o)
                0x0000364c                sniprintf
                0x0000364c                snprintf
 .text          0x000036b0       0x10 c:/program files (x86)/cypress/psoc creator/4.4/psoc creator/import/gnu/arm/5.4.1/bin/../lib/gcc/arm-none-eabi/5.4.1/../../../../arm-none-eabi/lib/armv7-m\libg_nano.a(lib_a-strlen.o)
                0x000036b0                strlen
 .text.sulp     0x000036c0       0x42 c:/program files (x86)/cypress/psoc creator/4.4/psoc creator/import/gnu/arm/5.4.1/bin/../lib/gcc/arm-none-eabi/5.4.1/../../../../arm-none-eabi/lib/armv7-m\libg_nano.a(lib_a-strtod.o)
 *fill*         0x00003702        0x6 
 .text._strtod_r
                0x00003708      0xc00 c:/program files (x86)/cypress/psoc creator/4.4/psoc creator/import/gnu/arm/5.4.1/bin/../lib/gcc/arm-none-eabi/5.4.1/../../../../arm-none-eabi/lib/armv7-m\libg_nano.a(lib_a-strtod.o)
                0x00003708                _strtod_r
 .text.strtof   0x00004308       0x34 c:/program files (x86)/cypress/psoc creator/4.4/psoc creator/import/gnu/arm/5.4.1/bin/../lib/gcc/arm-none-eabi/5.4.1/../../../../arm-none-eabi/lib/armv7-m\libg_nano.a(lib_a-strtod.o)
                0x00004308                strtof
 .text.quorem   0x0000433c      0x116 c:/program files (x86)/cypress/psoc creator/4.4/psoc creator/import/gnu/arm/5.4.1/bin/../lib/gcc/arm-none-eabi/5.4.1/../../../../arm-none-eabi/lib/armv7-m\libg_nano.a(lib_a-dtoa.o)
 *fill*         0x00004452        0x6 
 .text._dtoa_r  0x00004458      0xb30 c:/program files (x86)/cypress/psoc creator/4.4/psoc creator/import/gnu/arm/5.4.1/bin/../lib/gcc/arm-none-eabi/5.4.1/../../../../arm-none-eabi/lib/armv7-m\libg_nano.a(lib_a-dtoa.o)
                0x00004458                _dtoa_r
 .text.rshift   0x00004f88       0x6c c:/program files (x86)/cypress/psoc creator/4.4/psoc creator/import/gnu/arm/5.4.1/bin/../lib/gcc/arm-none-eabi/5.4.1/../../../../arm-none-eabi/lib/armv7-m\libg_nano.a(lib_a-gdtoa-gethex.o)
 .text.__hexdig_fun
                0x00004ff4       0x2a c:/program files (x86)/cypress/psoc creator/4.4/psoc creator/import/gnu/arm/5.4.1/bin/../lib/gcc/arm-none-eabi/5.4.1/../../../../arm-none-eabi/lib/armv7-m\libg_nano.a(lib_a-gdtoa-gethex.o)
                0x00004ff4                __hexdig_fun
 .text.__gethex
                0x0000501e      0x43e c:/program files (x86)/cypress/psoc creator/4.4/psoc creator/import/gnu/arm/5.4.1/bin/../lib/gcc/arm-none-eabi/5.4.1/../../../../arm-none-eabi/lib/armv7-m\libg_nano.a(lib_a-gdtoa-gethex.o)
                0x0000501e                __gethex
 .text.L_shift  0x0000545c       0x24 c:/program files (x86)/cypress/psoc creator/4.4/psoc creator/import/gnu/arm/5.4.1/bin/../lib/gcc/arm-none-eabi/5.4.1/../../../../arm-none-eabi/lib/armv7-m\libg_nano.a(lib_a-gdtoa-hexnan.o)
 .text.__match  0x00005480       0x26 c:/program files (x86)/cypress/psoc creator/4.4/psoc creator/import/gnu/arm/5.4.1/bin/../lib/gcc/arm-none-eabi/5.4.1/../../../../arm-none-eabi/lib/armv7-m\libg_nano.a(lib_a-gdtoa-hexnan.o)
                0x00005480                __match
 .text.__hexnan
                0x000054a6      0x11c c:/program files (x86)/cypress/psoc creator/4.4/psoc creator/import/gnu/arm/5.4.1/bin/../lib/gcc/arm-none-eabi/5.4.1/../../../../arm-none-eabi/lib/armv7-m\libg_nano.a(lib_a-gdtoa-hexnan.o)
                0x000054a6                __hexnan
 *fill*         0x000055c2        0x2 
 .text._localeconv_r
                0x000055c4        0x8 c:/program files (x86)/cypress/psoc creator/4.4/psoc creator/import/gnu/arm/5.4.1/bin/../lib/gcc/arm-none-eabi/5.4.1/../../../../arm-none-eabi/lib/armv7-m\libg_nano.a(lib_a-locale.o)
                0x000055c4                _localeconv_r
 .text.malloc   0x000055cc       0x10 c:/program files (x86)/cypress/psoc creator/4.4/psoc creator/import/gnu/arm/5.4.1/bin/../lib/gcc/arm-none-eabi/5.4.1/../../../../arm-none-eabi/lib/armv7-m\libg_nano.a(lib_a-malloc.o)
                0x000055cc                malloc
 .text.memchr   0x000055dc       0x1c c:/program files (x86)/cypress/psoc creator/4.4/psoc creator/import/gnu/arm/5.4.1/bin/../lib/gcc/arm-none-eabi/5.4.1/../../../../arm-none-eabi/lib/armv7-m\libg_nano.a(lib_a-memchr-stub.o)
                0x000055dc                memchr
 .text._Balloc  0x000055f8       0x6a c:/program files (x86)/cypress/psoc creator/4.4/psoc creator/import/gnu/arm/5.4.1/bin/../lib/gcc/arm-none-eabi/5.4.1/../../../../arm-none-eabi/lib/armv7-m\libg_nano.a(lib_a-mprec.o)
                0x000055f8                _Balloc
 .text._Bfree   0x00005662       0x2e c:/program files (x86)/cypress/psoc creator/4.4/psoc creator/import/gnu/arm/5.4.1/bin/../lib/gcc/arm-none-eabi/5.4.1/../../../../arm-none-eabi/lib/armv7-m\libg_nano.a(lib_a-mprec.o)
                0x00005662                _Bfree
 .text.__multadd
                0x00005690       0x76 c:/program files (x86)/cypress/psoc creator/4.4/psoc creator/import/gnu/arm/5.4.1/bin/../lib/gcc/arm-none-eabi/5.4.1/../../../../arm-none-eabi/lib/armv7-m\libg_nano.a(lib_a-mprec.o)
                0x00005690                __multadd
 .text.__s2b    0x00005706       0x7c c:/program files (x86)/cypress/psoc creator/4.4/psoc creator/import/gnu/arm/5.4.1/bin/../lib/gcc/arm-none-eabi/5.4.1/../../../../arm-none-eabi/lib/armv7-m\libg_nano.a(lib_a-mprec.o)
                0x00005706                __s2b
 .text.__hi0bits
                0x00005782       0x40 c:/program files (x86)/cypress/psoc creator/4.4/psoc creator/import/gnu/arm/5.4.1/bin/../lib/gcc/arm-none-eabi/5.4.1/../../../../arm-none-eabi/lib/armv7-m\libg_nano.a(lib_a-mprec.o)
                0x00005782                __hi0bits
 .text.__lo0bits
                0x000057c2       0x5a c:/program files (x86)/cypress/psoc creator/4.4/psoc creator/import/gnu/arm/5.4.1/bin/../lib/gcc/arm-none-eabi/5.4.1/../../../../arm-none-eabi/lib/armv7-m\libg_nano.a(lib_a-mprec.o)
                0x000057c2                __lo0bits
 .text.__i2b    0x0000581c       0x12 c:/program files (x86)/cypress/psoc creator/4.4/psoc creator/import/gnu/arm/5.4.1/bin/../lib/gcc/arm-none-eabi/5.4.1/../../../../arm-none-eabi/lib/armv7-m\libg_nano.a(lib_a-mprec.o)
                0x0000581c                __i2b
 .text.__multiply
                0x0000582e      0x120 c:/program files (x86)/cypress/psoc creator/4.4/psoc creator/import/gnu/arm/5.4.1/bin/../lib/gcc/arm-none-eabi/5.4.1/../../../../arm-none-eabi/lib/armv7-m\libg_nano.a(lib_a-mprec.o)
                0x0000582e                __multiply
 *fill*         0x0000594e        0x2 
 .text.__pow5mult
                0x00005950       0x9c c:/program files (x86)/cypress/psoc creator/4.4/psoc creator/import/gnu/arm/5.4.1/bin/../lib/gcc/arm-none-eabi/5.4.1/../../../../arm-none-eabi/lib/armv7-m\libg_nano.a(lib_a-mprec.o)
                0x00005950                __pow5mult
 .text.__lshift
                0x000059ec       0xa2 c:/program files (x86)/cypress/psoc creator/4.4/psoc creator/import/gnu/arm/5.4.1/bin/../lib/gcc/arm-none-eabi/5.4.1/../../../../arm-none-eabi/lib/armv7-m\libg_nano.a(lib_a-mprec.o)
                0x000059ec                __lshift
 .text.__mcmp   0x00005a8e       0x38 c:/program files (x86)/cypress/psoc creator/4.4/psoc creator/import/gnu/arm/5.4.1/bin/../lib/gcc/arm-none-eabi/5.4.1/../../../../arm-none-eabi/lib/armv7-m\libg_nano.a(lib_a-mprec.o)
                0x00005a8e                __mcmp
 .text.__mdiff  0x00005ac6       0xbe c:/program files (x86)/cypress/psoc creator/4.4/psoc creator/import/gnu/arm/5.4.1/bin/../lib/gcc/arm-none-eabi/5.4.1/../../../../arm-none-eabi/lib/armv7-m\libg_nano.a(lib_a-mprec.o)
                0x00005ac6                __mdiff
 .text.__ulp    0x00005b84       0x48 c:/program files (x86)/cypress/psoc creator/4.4/psoc creator/import/gnu/arm/5.4.1/bin/../lib/gcc/arm-none-eabi/5.4.1/../../../../arm-none-eabi/lib/armv7-m\libg_nano.a(lib_a-mprec.o)
                0x00005b84                __ulp
 .text.__b2d    0x00005bcc       0x9a c:/program files (x86)/cypress/psoc creator/4.4/psoc creator/import/gnu/arm/5.4.1/bin/../lib/gcc/arm-none-eabi/5.4.1/../../../../arm-none-eabi/lib/armv7-m\libg_nano.a(lib_a-mprec.o)
                0x00005bcc                __b2d
 .text.__d2b    0x00005c66       0x9c c:/program files (x86)/cypress/psoc creator/4.4/psoc creator/import/gnu/arm/5.4.1/bin/../lib/gcc/arm-none-eabi/5.4.1/../../../../arm-none-eabi/lib/armv7-m\libg_nano.a(lib_a-mprec.o)
                0x00005c66                __d2b
 .text.__ratio  0x00005d02       0x50 c:/program files (x86)/cypress/psoc creator/4.4/psoc creator/import/gnu/arm/5.4.1/bin/../lib/gcc/arm-none-eabi/5.4.1/../../../../arm-none-eabi/lib/armv7-m\libg_nano.a(lib_a-mprec.o)
                0x00005d02                __ratio
 .text.__copybits
                0x00005d52       0x34 c:/program files (x86)/cypress/psoc creator/4.4/psoc creator/import/gnu/arm/5.4.1/bin/../lib/gcc/arm-none-eabi/5.4.1/../../../../arm-none-eabi/lib/armv7-m\libg_nano.a(lib_a-mprec.o)
                0x00005d52                __copybits
 .text.__any_on
                0x00005d86       0x44 c:/program files (x86)/cypress/psoc creator/4.4/psoc creator/import/gnu/arm/5.4.1/bin/../lib/gcc/arm-none-eabi/5.4.1/../../../../arm-none-eabi/lib/armv7-m\libg_nano.a(lib_a-mprec.o)
                0x00005d86                __any_on
 .text._calloc_r
                0x00005dca       0x1c c:/program files (x86)/cypress/psoc creator/4.4/psoc creator/import/gnu/arm/5.4.1/bin/../lib/gcc/arm-none-eabi/5.4.1/../../../../arm-none-eabi/lib/armv7-m\libg_nano.a(lib_a-nano-callocr.o)
                0x00005dca                _calloc_r
 *fill*         0x00005de6        0x2 
 .text._free_r  0x00005de8       0x98 c:/program files (x86)/cypress/psoc creator/4.4/psoc creator/import/gnu/arm/5.4.1/bin/../lib/gcc/arm-none-eabi/5.4.1/../../../../arm-none-eabi/lib/armv7-m\libg_nano.a(lib_a-nano-freer.o)
                0x00005de8                _free_r
 .text._malloc_r
                0x00005e80       0xbc c:/program files (x86)/cypress/psoc creator/4.4/psoc creator/import/gnu/arm/5.4.1/bin/../lib/gcc/arm-none-eabi/5.4.1/../../../../arm-none-eabi/lib/armv7-m\libg_nano.a(lib_a-nano-mallocr.o)
                0x00005e80                _malloc_r
 .text.__ssputs_r
                0x00005f3c       0xb2 c:/program files (x86)/cypress/psoc creator/4.4/psoc creator/import/gnu/arm/5.4.1/bin/../lib/gcc/arm-none-eabi/5.4.1/../../../../arm-none-eabi/lib/armv7-m\libg_nano.a(lib_a-nano-svfprintf.o)
                0x00005f3c                __ssputs_r
 *fill*         0x00005fee        0x2 
 .text._svfprintf_r
                0x00005ff0      0x1e8 c:/program files (x86)/cypress/psoc creator/4.4/psoc creator/import/gnu/arm/5.4.1/bin/../lib/gcc/arm-none-eabi/5.4.1/../../../../arm-none-eabi/lib/armv7-m\libg_nano.a(lib_a-nano-svfprintf.o)
                0x00005ff0                _svfiprintf_r
                0x00005ff0                _svfprintf_r
 .text._sbrk_r  0x000061d8       0x20 c:/program files (x86)/cypress/psoc creator/4.4/psoc creator/import/gnu/arm/5.4.1/bin/../lib/gcc/arm-none-eabi/5.4.1/../../../../arm-none-eabi/lib/armv7-m\libg_nano.a(lib_a-sbrkr.o)
                0x000061d8                _sbrk_r
 .text.nanf     0x000061f8        0x8 c:/program files (x86)/cypress/psoc creator/4.4/psoc creator/import/gnu/arm/5.4.1/bin/../lib/gcc/arm-none-eabi/5.4.1/../../../../arm-none-eabi/lib/armv7-m\libg_nano.a(lib_a-sf_nan.o)
                0x000061f8                nanf
 .text.strncmp  0x00006200       0x2a c:/program files (x86)/cypress/psoc creator/4.4/psoc creator/import/gnu/arm/5.4.1/bin/../lib/gcc/arm-none-eabi/5.4.1/../../../../arm-none-eabi/lib/armv7-m\libg_nano.a(lib_a-strncmp.o)
                0x00006200                strncmp
 .text.memmove  0x0000622a       0x36 c:/program files (x86)/cypress/psoc creator/4.4/psoc creator/import/gnu/arm/5.4.1/bin/../lib/gcc/arm-none-eabi/5.4.1/../../../../arm-none-eabi/lib/armv7-m\libg_nano.a(lib_a-memmove.o)
                0x0000622a                memmove
 .text.__malloc_lock
                0x00006260        0x2 c:/program files (x86)/cypress/psoc creator/4.4/psoc creator/import/gnu/arm/5.4.1/bin/../lib/gcc/arm-none-eabi/5.4.1/../../../../arm-none-eabi/lib/armv7-m\libg_nano.a(lib_a-mlock.o)
                0x00006260                __malloc_lock
 .text.__malloc_unlock
                0x00006262        0x2 c:/program files (x86)/cypress/psoc creator/4.4/psoc creator/import/gnu/arm/5.4.1/bin/../lib/gcc/arm-none-eabi/5.4.1/../../../../arm-none-eabi/lib/armv7-m\libg_nano.a(lib_a-mlock.o)
                0x00006262                __malloc_unlock
 .text._realloc_r
                0x00006264       0x4c c:/program files (x86)/cypress/psoc creator/4.4/psoc creator/import/gnu/arm/5.4.1/bin/../lib/gcc/arm-none-eabi/5.4.1/../../../../arm-none-eabi/lib/armv7-m\libg_nano.a(lib_a-nano-reallocr.o)
                0x00006264                _realloc_r
 .text._malloc_usable_size_r
                0x000062b0       0x14 c:/program files (x86)/cypress/psoc creator/4.4/psoc creator/import/gnu/arm/5.4.1/bin/../lib/gcc/arm-none-eabi/5.4.1/../../../../arm-none-eabi/lib/armv7-m\libg_nano.a(lib_a-nano-msizer.o)
                0x000062b0                _malloc_usable_size_r
 .text          0x000062c4      0x110 c:/program files (x86)/cypress/psoc creator/4.4/psoc creator/import/gnu/arm/5.4.1/bin/../lib/gcc/arm-none-eabi/5.4.1/armv7-m\libgcc.a(_arm_cmpdf2.o)
                0x000062c4                __gtdf2
                0x000062c4                __gedf2
                0x000062cc                __ltdf2
                0x000062cc                __ledf2
                0x000062d4                __nedf2
                0x000062d4                __eqdf2
                0x000062d4                __cmpdf2
                0x00006350                __aeabi_cdrcmple
                0x00006360                __aeabi_cdcmpeq
                0x00006360                __aeabi_cdcmple
                0x00006370                __aeabi_dcmpeq
                0x00006384                __aeabi_dcmplt
                0x00006398                __aeabi_dcmple
                0x000063ac                __aeabi_dcmpge
                0x000063c0                __aeabi_dcmpgt
 .text          0x000063d4       0x2c c:/program files (x86)/cypress/psoc creator/4.4/psoc creator/import/gnu/arm/5.4.1/bin/../lib/gcc/arm-none-eabi/5.4.1/armv7-m\libgcc.a(_arm_unorddf2.o)
                0x000063d4                __unorddf2
                0x000063d4                __aeabi_dcmpun
 .text          0x00006400       0x50 c:/program files (x86)/cypress/psoc creator/4.4/psoc creator/import/gnu/arm/5.4.1/bin/../lib/gcc/arm-none-eabi/5.4.1/armv7-m\libgcc.a(_arm_fixdfsi.o)
                0x00006400                __aeabi_d2iz
                0x00006400                __fixdfsi
 .text          0x00006450       0x40 c:/program files (x86)/cypress/psoc creator/4.4/psoc creator/import/gnu/arm/5.4.1/bin/../lib/gcc/arm-none-eabi/5.4.1/armv7-m\libgcc.a(_arm_fixunsdfsi.o)
                0x00006450                __aeabi_d2uiz
                0x00006450                __fixunsdfsi
 *(.plt)
 *(.gnu.warning)
 *(.glue_7t)
 .glue_7t       0x00006490        0x0 linker stubs
 *(.glue_7)
 .glue_7        0x00006490        0x0 linker stubs
 *(.vfp11_veneer)
 .vfp11_veneer  0x00006490        0x0 linker stubs
 *(.bootloader)
 *(.ARM.extab* .gnu.linkonce.armextab.*)
 *(.gcc_except_table)

.v4_bx          0x00006490        0x0
 .v4_bx         0x00006490        0x0 linker stubs

.iplt           0x00006490        0x0
 .iplt          0x00006490        0x0 c:/program files (x86)/cypress/psoc creator/4.4/psoc creator/import/gnu/arm/5.4.1/bin/../lib/gcc/arm-none-eabi/5.4.1/armv7-m/crtbegin.o

.eh_frame_hdr
 *(.eh_frame_hdr)

.eh_frame       0x00006490        0x4
 *(.eh_frame)
 .eh_frame      0x00006490        0x0 c:/program files (x86)/cypress/psoc creator/4.4/psoc creator/import/gnu/arm/5.4.1/bin/../lib/gcc/arm-none-eabi/5.4.1/armv7-m/crtbegin.o
 .eh_frame      0x00006490        0x4 c:/program files (x86)/cypress/psoc creator/4.4/psoc creator/import/gnu/arm/5.4.1/bin/../lib/gcc/arm-none-eabi/5.4.1/armv7-m/crtend.o
                [!provide]                PROVIDE (__exidx_start, .)

.ARM.exidx
 *(.ARM.exidx* .gnu.linkonce.armexidx.*)
                0x00006494                __exidx_end = .

.rodata         0x00006498      0x470
 *(.rodata .rodata.* .gnu.linkonce.r.*)
 .rodata        0x00006498      0x24f .\CortexM3\ARM_GCC_541\Debug\main.o
 *fill*         0x000066e7        0x1 
 .rodata        0x000066e8       0x3a .\CortexM3\ARM_GCC_541\Debug\cyfitter_cfg.o
 .rodata.str1.1
                0x00006722        0x2 c:/program files (x86)/cypress/psoc creator/4.4/psoc creator/import/gnu/arm/5.4.1/bin/../lib/gcc/arm-none-eabi/5.4.1/../../../../arm-none-eabi/lib/armv7-m\libg_nano.a(lib_a-impure.o)
 .rodata.str1.1
                0x00006724       0x12 c:/program files (x86)/cypress/psoc creator/4.4/psoc creator/import/gnu/arm/5.4.1/bin/../lib/gcc/arm-none-eabi/5.4.1/../../../../arm-none-eabi/lib/armv7-m\libg_nano.a(lib_a-nano-vfprintf_float.o)
 .rodata.str1.1
                0x00006736       0x22 c:/program files (x86)/cypress/psoc creator/4.4/psoc creator/import/gnu/arm/5.4.1/bin/../lib/gcc/arm-none-eabi/5.4.1/../../../../arm-none-eabi/lib/armv7-m\libg_nano.a(lib_a-nano-vfprintf_i.o)
 .rodata.fpinan.5401
                0x00006758       0x14 c:/program files (x86)/cypress/psoc creator/4.4/psoc creator/import/gnu/arm/5.4.1/bin/../lib/gcc/arm-none-eabi/5.4.1/../../../../arm-none-eabi/lib/armv7-m\libg_nano.a(lib_a-strtod.o)
 .rodata.str1.1
                0x0000676c       0x22 c:/program files (x86)/cypress/psoc creator/4.4/psoc creator/import/gnu/arm/5.4.1/bin/../lib/gcc/arm-none-eabi/5.4.1/../../../../arm-none-eabi/lib/armv7-m\libg_nano.a(lib_a-strtod.o)
                                  0xc (size before relaxing)
 .rodata.fpi.5365
                0x0000676c       0x14 c:/program files (x86)/cypress/psoc creator/4.4/psoc creator/import/gnu/arm/5.4.1/bin/../lib/gcc/arm-none-eabi/5.4.1/../../../../arm-none-eabi/lib/armv7-m\libg_nano.a(lib_a-strtod.o)
 .rodata.tinytens
                0x00006780       0x28 c:/program files (x86)/cypress/psoc creator/4.4/psoc creator/import/gnu/arm/5.4.1/bin/../lib/gcc/arm-none-eabi/5.4.1/../../../../arm-none-eabi/lib/armv7-m\libg_nano.a(lib_a-strtod.o)
 .rodata.str1.1
                0x000067a8        0xd c:/program files (x86)/cypress/psoc creator/4.4/psoc creator/import/gnu/arm/5.4.1/bin/../lib/gcc/arm-none-eabi/5.4.1/../../../../arm-none-eabi/lib/armv7-m\libg_nano.a(lib_a-dtoa.o)
                                  0xf (size before relaxing)
 .rodata.str1.1
                0x000067b5        0x8 c:/program files (x86)/cypress/psoc creator/4.4/psoc creator/import/gnu/arm/5.4.1/bin/../lib/gcc/arm-none-eabi/5.4.1/../../../../arm-none-eabi/lib/armv7-m\libg_nano.a(lib_a-locale.o)
                                  0xb (size before relaxing)
 *fill*         0x000067bd        0x3 
 .rodata.__mprec_tens
                0x000067c0       0xc8 c:/program files (x86)/cypress/psoc creator/4.4/psoc creator/import/gnu/arm/5.4.1/bin/../lib/gcc/arm-none-eabi/5.4.1/../../../../arm-none-eabi/lib/armv7-m\libg_nano.a(lib_a-mprec.o)
                0x000067c0                __mprec_tens
 .rodata.p05.5408
                0x00006888        0xc c:/program files (x86)/cypress/psoc creator/4.4/psoc creator/import/gnu/arm/5.4.1/bin/../lib/gcc/arm-none-eabi/5.4.1/../../../../arm-none-eabi/lib/armv7-m\libg_nano.a(lib_a-mprec.o)
 *fill*         0x00006894        0x4 
 .rodata.__mprec_bigtens
                0x00006898       0x28 c:/program files (x86)/cypress/psoc creator/4.4/psoc creator/import/gnu/arm/5.4.1/bin/../lib/gcc/arm-none-eabi/5.4.1/../../../../arm-none-eabi/lib/armv7-m\libg_nano.a(lib_a-mprec.o)
                0x00006898                __mprec_bigtens
 .rodata.str1.1
                0x000068c0       0x11 c:/program files (x86)/cypress/psoc creator/4.4/psoc creator/import/gnu/arm/5.4.1/bin/../lib/gcc/arm-none-eabi/5.4.1/../../../../arm-none-eabi/lib/armv7-m\libg_nano.a(lib_a-nano-svfprintf.o)
                0x000068d4                . = ALIGN (0x4)
 *fill*         0x000068d1        0x3 
 *(.init)
 .init          0x000068d4        0x4 c:/program files (x86)/cypress/psoc creator/4.4/psoc creator/import/gnu/arm/5.4.1/bin/../lib/gcc/arm-none-eabi/5.4.1/armv7-m/crti.o
                0x000068d4                _init
 .init          0x000068d8        0x8 c:/program files (x86)/cypress/psoc creator/4.4/psoc creator/import/gnu/arm/5.4.1/bin/../lib/gcc/arm-none-eabi/5.4.1/armv7-m/crtn.o
                0x000068e0                . = ALIGN (0x4)
                0x000068e0                __preinit_array_start = .
 *(.preinit_array)
                0x000068e0                __preinit_array_end = .
                0x000068e0                . = ALIGN (0x4)
                0x000068e0                __init_array_start = .
 *(SORT(.init_array.*))
 *(.init_array)
 .init_array    0x000068e0        0x4 c:/program files (x86)/cypress/psoc creator/4.4/psoc creator/import/gnu/arm/5.4.1/bin/../lib/gcc/arm-none-eabi/5.4.1/armv7-m/crtbegin.o
 .init_array    0x000068e4        0x4 .\CortexM3\ARM_GCC_541\Debug\Cm3Start.o
                0x000068e8                __init_array_end = .
                0x000068e8                . = ALIGN (0x4)
 *(.fini)
 .fini          0x000068e8        0x4 c:/program files (x86)/cypress/psoc creator/4.4/psoc creator/import/gnu/arm/5.4.1/bin/../lib/gcc/arm-none-eabi/5.4.1/armv7-m/crti.o
                0x000068e8                _fini
 .fini          0x000068ec        0x8 c:/program files (x86)/cypress/psoc creator/4.4/psoc creator/import/gnu/arm/5.4.1/bin/../lib/gcc/arm-none-eabi/5.4.1/armv7-m/crtn.o
                0x000068f4                . = ALIGN (0x4)
                0x000068f4                __fini_array_start = .
 *(.fini_array)
 .fini_array    0x000068f4        0x4 c:/program files (x86)/cypress/psoc creator/4.4/psoc creator/import/gnu/arm/5.4.1/bin/../lib/gcc/arm-none-eabi/5.4.1/armv7-m/crtbegin.o
 *(SORT(.fini_array.*))
                0x000068f8                __fini_array_end = .
                0x000068f8                . = ALIGN (0x4)
 *crtbegin.o(.ctors)
 *(EXCLUDE_FILE(*crtend.o) .ctors)
 *(SORT(.ctors.*))
 *crtend.o(.ctors)
                0x000068f8                . = ALIGN (0x4)
 *crtbegin.o(.dtors)
 *(EXCLUDE_FILE(*crtend.o) .dtors)
 *(SORT(.dtors.*))
 *crtend.o(.dtors)
                0x000068f8                . = ALIGN (0x4)
                0x000068f8                __cy_regions = .
                0x000068f8        0x4 LONG 0x6908 __cy_region_init_ram
                0x000068fc        0x4 LONG 0x1fff80c8 __cy_region_start_data
                0x00006900        0x4 LONG 0xc0 __cy_region_init_size_ram
                0x00006904        0x4 LONG 0x118 __cy_region_zero_size_ram
                0x00006908                __cy_regions_end = .
                0x00006908                . = ALIGN (0x8)
                0x00006908                _etext = .

.cy_checksum_exclude
                0x00006908        0x0
 *(.cy_checksum_exclude)

.ramvectors     0x1fff8000       0xc0
                0x1fff8000                __cy_region_start_ram = .
 *(.ramvectors)
 .ramvectors    0x1fff8000       0xc0 .\CortexM3\ARM_GCC_541\Debug\Cm3Start.o
                0x1fff8000                CyRamVectors

.noinit         0x1fff80c0        0x5
 *(.noinit)
 .noinit        0x1fff80c0        0x4 .\CortexM3\ARM_GCC_541\Debug\Cm3Start.o
 .noinit        0x1fff80c4        0x1 .\CortexM3\ARM_GCC_541\Debug\Agua.a(CyLib.o)
                0x1fff80c4                CyResetStatus

.data           0x1fff80c8       0xc0 load address 0x00006908
                0x1fff80c8                __cy_region_start_data = .
 *(.jcr)
 .jcr           0x1fff80c8        0x0 c:/program files (x86)/cypress/psoc creator/4.4/psoc creator/import/gnu/arm/5.4.1/bin/../lib/gcc/arm-none-eabi/5.4.1/armv7-m/crtbegin.o
 .jcr           0x1fff80c8        0x4 c:/program files (x86)/cypress/psoc creator/4.4/psoc creator/import/gnu/arm/5.4.1/bin/../lib/gcc/arm-none-eabi/5.4.1/armv7-m/crtend.o
 *(.got.plt)
 *(.got)
 *(.shdata)
 *(.data .data.* .gnu.linkonce.d.*)
 .data          0x1fff80cc        0x4 .\CortexM3\ARM_GCC_541\Debug\Cm3Start.o
 .data          0x1fff80d0        0x8 .\CortexM3\ARM_GCC_541\Debug\Agua.a(CyDmac.o)
 .data          0x1fff80d8       0x10 .\CortexM3\ARM_GCC_541\Debug\Agua.a(CyLib.o)
                0x1fff80d8                cydelay_freq_hz
                0x1fff80dc                cydelay_freq_khz
                0x1fff80e0                cydelay_freq_mhz
                0x1fff80e4                cydelay_32k_ms
 .data          0x1fff80e8        0x2 .\CortexM3\ARM_GCC_541\Debug\Agua.a(ADC_SA1.o)
 .data          0x1fff80ea        0x1 .\CortexM3\ARM_GCC_541\Debug\Agua.a(ADC_SA1_TempBuf_dma.o)
                0x1fff80ea                ADC_SA1_TempBuf_DmaHandle
 .data          0x1fff80eb        0x1 .\CortexM3\ARM_GCC_541\Debug\Agua.a(ADC_SA1_FinalBuf_dma.o)
                0x1fff80eb                ADC_SA1_FinalBuf_DmaHandle
 .data.impure_data
                0x1fff80ec       0x60 c:/program files (x86)/cypress/psoc creator/4.4/psoc creator/import/gnu/arm/5.4.1/bin/../lib/gcc/arm-none-eabi/5.4.1/../../../../arm-none-eabi/lib/armv7-m\libg_nano.a(lib_a-impure.o)
 .data._impure_ptr
                0x1fff814c        0x4 c:/program files (x86)/cypress/psoc creator/4.4/psoc creator/import/gnu/arm/5.4.1/bin/../lib/gcc/arm-none-eabi/5.4.1/../../../../arm-none-eabi/lib/armv7-m\libg_nano.a(lib_a-impure.o)
                0x1fff814c                _impure_ptr
 .data.lconv    0x1fff8150       0x38 c:/program files (x86)/cypress/psoc creator/4.4/psoc creator/import/gnu/arm/5.4.1/bin/../lib/gcc/arm-none-eabi/5.4.1/../../../../arm-none-eabi/lib/armv7-m\libg_nano.a(lib_a-locale.o)
                0x1fff8188                . = ALIGN (0x8)
 *(.ram)
                0x1fff8188                _edata = .

.igot.plt       0x1fff8188        0x0 load address 0x000069c8
 .igot.plt      0x1fff8188        0x0 c:/program files (x86)/cypress/psoc creator/4.4/psoc creator/import/gnu/arm/5.4.1/bin/../lib/gcc/arm-none-eabi/5.4.1/armv7-m/crtbegin.o

.bss            0x1fff8188      0x118 load address 0x000069c8
                0x1fff8188                PROVIDE (__bss_start__, .)
 *(.shbss)
 *(.bss .bss.* .gnu.linkonce.b.*)
 .bss           0x1fff8188       0x1c c:/program files (x86)/cypress/psoc creator/4.4/psoc creator/import/gnu/arm/5.4.1/bin/../lib/gcc/arm-none-eabi/5.4.1/armv7-m/crtbegin.o
 .bss           0x1fff81a4       0x15 .\CortexM3\ARM_GCC_541\Debug\main.o
                0x1fff81a4                rxIndex
                0x1fff81a8                interrup
                0x1fff81ac                cMain
 *fill*         0x1fff81b9        0x3 
 .bss           0x1fff81bc        0xe .\CortexM3\ARM_GCC_541\Debug\Agua.a(ADC_SA1.o)
                0x1fff81bc                ADC_SA1_initVar
 .bss           0x1fff81ca        0x1 .\CortexM3\ARM_GCC_541\Debug\Agua.a(ADC_SA1_SAR.o)
                0x1fff81ca                ADC_SA1_SAR_initVar
 .bss           0x1fff81cb        0x2 .\CortexM3\ARM_GCC_541\Debug\Agua.a(UART_ESP.o)
                0x1fff81cb                UART_ESP_initVar
 .bss           0x1fff81cd        0x2 .\CortexM3\ARM_GCC_541\Debug\Agua.a(UART_PSOC.o)
                0x1fff81cd                UART_PSOC_initVar
 .bss           0x1fff81cf        0x1 .\CortexM3\ARM_GCC_541\Debug\Agua.a(PWM.o)
                0x1fff81cf                PWM_initVar
 .bss           0x1fff81d0        0x1 .\CortexM3\ARM_GCC_541\Debug\Agua.a(timerpH.o)
                0x1fff81d0                timerpH_initVar
 *fill*         0x1fff81d1        0x3 
 .bss.__malloc_sbrk_start
                0x1fff81d4        0x4 c:/program files (x86)/cypress/psoc creator/4.4/psoc creator/import/gnu/arm/5.4.1/bin/../lib/gcc/arm-none-eabi/5.4.1/../../../../arm-none-eabi/lib/armv7-m\libg_nano.a(lib_a-nano-mallocr.o)
                0x1fff81d4                __malloc_sbrk_start
 .bss.__malloc_free_list
                0x1fff81d8        0x4 c:/program files (x86)/cypress/psoc creator/4.4/psoc creator/import/gnu/arm/5.4.1/bin/../lib/gcc/arm-none-eabi/5.4.1/../../../../arm-none-eabi/lib/armv7-m\libg_nano.a(lib_a-nano-mallocr.o)
                0x1fff81d8                __malloc_free_list
 *(COMMON)
 COMMON         0x1fff81dc       0xac .\CortexM3\ARM_GCC_541\Debug\main.o
                0x1fff81dc                configPH
                0x1fff81e4                buffer
                0x1fff8204                rxBuffer
                0x1fff8268                bufferESP
 COMMON         0x1fff8288        0x6 .\CortexM3\ARM_GCC_541\Debug\Agua.a(ADC_SA1.o)
                0x1fff8288                ADC_SA1_finalArray
 *fill*         0x1fff828e        0x2 
 COMMON         0x1fff8290        0xa .\CortexM3\ARM_GCC_541\Debug\Agua.a(ADC_SA1_SAR.o)
                0x1fff8290                ADC_SA1_SAR_countsPerVolt
                0x1fff8292                ADC_SA1_SAR_shift
                0x1fff8294                ADC_SA1_SAR_countsPer10Volt
                0x1fff8298                ADC_SA1_SAR_offset
 *fill*         0x1fff829a        0x2 
 COMMON         0x1fff829c        0x4 c:/program files (x86)/cypress/psoc creator/4.4/psoc creator/import/gnu/arm/5.4.1/bin/../lib/gcc/arm-none-eabi/5.4.1/../../../../arm-none-eabi/lib/armv7-m\libg_nano.a(lib_a-reent.o)
                0x1fff829c                errno
                0x1fff82a0                . = ALIGN (0x8)
 *(.ram.b)
                0x1fff82a0                _end = .
                0x1fff82a0                __end = .
                0x1fff82a0                PROVIDE (end, .)
                0x1fff82a0                PROVIDE (__bss_end__, .)
                0x00006908                __cy_region_init_ram = LOADADDR (.data)
                0x000000c0                __cy_region_init_size_ram = (_edata - ADDR (.data))
                0x00000118                __cy_region_zero_size_ram = (_end - _edata)

.heap           0x1fff82a0      0x800 load address 0x000069c8
                0x1fff82a0                . = _end
                0x1fff8aa0                . = (. + 0x800)
 *fill*         0x1fff82a0      0x800 
                0x1fff8aa0                __cy_heap_limit = .

.stack          0x20007800      0x800
                0x20007800                __cy_stack_limit = .
                0x20008000                . = (. + 0x800)
 *fill*         0x20007800      0x800 
                0x00000001                ASSERT ((__cy_stack_limit >= __cy_heap_limit), region RAM overflowed with stack)
                0x00000000                cy_checksum_exclude_size = (CY_APPL_LOADABLE == 0x1)?SIZEOF (.cy_checksum_exclude):0x0
                0x00000001                ASSERT ((cy_checksum_exclude_size <= CY_CHECKSUM_EXCLUDE_SIZE), CY_BOOT: Section .cy_checksum_exclude size exceedes specified limit.)

.cyloadermeta
 *(.cyloadermeta)

.cyloadablemeta
 *(.cyloadablemeta)

.cyconfigecc    0x80000000      0xc78
 *(.cyconfigecc)
 .cyconfigecc   0x80000000      0xc78 .\CortexM3\ARM_GCC_541\Debug\cymetadata.o
                0x80000000                cy_meta_configecc

.cycustnvl      0x90000000        0x4
 *(.cycustnvl)
 .cycustnvl     0x90000000        0x4 .\CortexM3\ARM_GCC_541\Debug\cymetadata.o
                0x90000000                cy_meta_custnvl

.cywolatch      0x90100000        0x4
 *(.cywolatch)
 .cywolatch     0x90100000        0x4 .\CortexM3\ARM_GCC_541\Debug\cymetadata.o
                0x90100000                cy_meta_wonvl

.cyeeprom       0x90200000        0x0
 *(.cyeeprom)
                0x00000001                ASSERT ((. <= ((0x90200000 + ee_offset) + ee_size)), .cyeeprom data will not fit in EEPROM)

.cyflashprotect
                0x90400000      0x100
 *(.cyflashprotect)
 .cyflashprotect
                0x90400000      0x100 .\CortexM3\ARM_GCC_541\Debug\cymetadata.o
                0x90400000                cy_meta_flashprotect

.cymeta         0x90500000        0xc
 *(.cymeta)
 .cymeta        0x90500000        0xc .\CortexM3\ARM_GCC_541\Debug\cymetadata.o
                0x90500000                cy_metadata

.rel.dyn        0x000069c8        0x0 load address 0x9050000c
 .rel.iplt      0x000069c8        0x0 c:/program files (x86)/cypress/psoc creator/4.4/psoc creator/import/gnu/arm/5.4.1/bin/../lib/gcc/arm-none-eabi/5.4.1/armv7-m/crtbegin.o

.stab
 *(.stab)

.stabstr
 *(.stabstr)

.debug
 *(.debug)

.line
 *(.line)

.debug_srcinfo
 *(.debug_srcinfo)

.debug_sfnames
 *(.debug_sfnames)

.debug_aranges  0x00000000      0xe98
 *(.debug_aranges)
 .debug_aranges
                0x00000000       0x70 .\CortexM3\ARM_GCC_541\Debug\main.o
 .debug_aranges
                0x00000070       0x60 .\CortexM3\ARM_GCC_541\Debug\cyfitter_cfg.o
 .debug_aranges
                0x000000d0       0x18 .\CortexM3\ARM_GCC_541\Debug\cymetadata.o
 .debug_aranges
                0x000000e8       0x48 .\CortexM3\ARM_GCC_541\Debug\Cm3Start.o
 .debug_aranges
                0x00000130       0xd8 .\CortexM3\ARM_GCC_541\Debug\Agua.a(CyDmac.o)
 .debug_aranges
                0x00000208      0x2a0 .\CortexM3\ARM_GCC_541\Debug\Agua.a(CyLib.o)
 .debug_aranges
                0x000004a8       0x98 .\CortexM3\ARM_GCC_541\Debug\Agua.a(cyPm.o)
 .debug_aranges
                0x00000540       0x38 .\CortexM3\ARM_GCC_541\Debug\Agua.a(Pin_LED.o)
 .debug_aranges
                0x00000578       0xa0 .\CortexM3\ARM_GCC_541\Debug\Agua.a(ADC_SA1.o)
 .debug_aranges
                0x00000618       0x20 .\CortexM3\ARM_GCC_541\Debug\Agua.a(ADC_SA1_INT.o)
 .debug_aranges
                0x00000638       0xa8 .\CortexM3\ARM_GCC_541\Debug\Agua.a(ADC_SA1_SAR.o)
 .debug_aranges
                0x000006e0       0x28 .\CortexM3\ARM_GCC_541\Debug\Agua.a(ADC_SA1_TempBuf_dma.o)
 .debug_aranges
                0x00000708       0x28 .\CortexM3\ARM_GCC_541\Debug\Agua.a(ADC_SA1_FinalBuf_dma.o)
 .debug_aranges
                0x00000730       0x80 .\CortexM3\ARM_GCC_541\Debug\Agua.a(ADC_SA1_IRQ.o)
 .debug_aranges
                0x000007b0       0x38 .\CortexM3\ARM_GCC_541\Debug\Agua.a(Pin_LED_R.o)
 .debug_aranges
                0x000007e8       0x38 .\CortexM3\ARM_GCC_541\Debug\Agua.a(Pin_LED_V.o)
 .debug_aranges
                0x00000820       0xf0 .\CortexM3\ARM_GCC_541\Debug\Agua.a(UART_ESP.o)
 .debug_aranges
                0x00000910       0x70 .\CortexM3\ARM_GCC_541\Debug\Agua.a(UART_ESP_IntClock.o)
 .debug_aranges
                0x00000980       0xf0 .\CortexM3\ARM_GCC_541\Debug\Agua.a(UART_PSOC.o)
 .debug_aranges
                0x00000a70       0x70 .\CortexM3\ARM_GCC_541\Debug\Agua.a(UART_PSOC_IntClock.o)
 .debug_aranges
                0x00000ae0       0x38 .\CortexM3\ARM_GCC_541\Debug\Agua.a(Pin_Bomba.o)
 .debug_aranges
                0x00000b18       0x80 .\CortexM3\ARM_GCC_541\Debug\Agua.a(isr_rx2.o)
 .debug_aranges
                0x00000b98       0xa8 .\CortexM3\ARM_GCC_541\Debug\Agua.a(PWM.o)
 .debug_aranges
                0x00000c40       0x88 .\CortexM3\ARM_GCC_541\Debug\Agua.a(timerpH.o)
 .debug_aranges
                0x00000cc8       0x28 .\CortexM3\ARM_GCC_541\Debug\Agua.a(resetTimerpH.o)
 .debug_aranges
                0x00000cf0       0x80 .\CortexM3\ARM_GCC_541\Debug\Agua.a(int_pH.o)
 .debug_aranges
                0x00000d70       0x20 .\CortexM3\ARM_GCC_541\Debug\Agua.a(CyBootAsmGnu.o)
 .debug_aranges
                0x00000d90       0x88 .\CortexM3\ARM_GCC_541\Debug\Agua.a(CyFlash.o)
 .debug_aranges
                0x00000e18       0x80 .\CortexM3\ARM_GCC_541\Debug\Agua.a(CySpc.o)

.debug_pubnames
 *(.debug_pubnames)

.debug_info     0x00000000     0x5cd7
 *(.debug_info .gnu.linkonce.wi.*)
 .debug_info    0x00000000      0x37f .\CortexM3\ARM_GCC_541\Debug\main.o
 .debug_info    0x0000037f      0x470 .\CortexM3\ARM_GCC_541\Debug\cyfitter_cfg.o
 .debug_info    0x000007ef      0x139 .\CortexM3\ARM_GCC_541\Debug\cymetadata.o
 .debug_info    0x00000928      0x32b .\CortexM3\ARM_GCC_541\Debug\Cm3Start.o
 .debug_info    0x00000c53      0x8c0 .\CortexM3\ARM_GCC_541\Debug\Agua.a(CyDmac.o)
 .debug_info    0x00001513      0xe51 .\CortexM3\ARM_GCC_541\Debug\Agua.a(CyLib.o)
 .debug_info    0x00002364      0x57a .\CortexM3\ARM_GCC_541\Debug\Agua.a(cyPm.o)
 .debug_info    0x000028de      0x11e .\CortexM3\ARM_GCC_541\Debug\Agua.a(Pin_LED.o)
 .debug_info    0x000029fc      0x3ab .\CortexM3\ARM_GCC_541\Debug\Agua.a(ADC_SA1.o)
 .debug_info    0x00002da7       0xa0 .\CortexM3\ARM_GCC_541\Debug\Agua.a(ADC_SA1_INT.o)
 .debug_info    0x00002e47      0x462 .\CortexM3\ARM_GCC_541\Debug\Agua.a(ADC_SA1_SAR.o)
 .debug_info    0x000032a9      0x11b .\CortexM3\ARM_GCC_541\Debug\Agua.a(ADC_SA1_TempBuf_dma.o)
 .debug_info    0x000033c4      0x11b .\CortexM3\ARM_GCC_541\Debug\Agua.a(ADC_SA1_FinalBuf_dma.o)
 .debug_info    0x000034df      0x241 .\CortexM3\ARM_GCC_541\Debug\Agua.a(ADC_SA1_IRQ.o)
 .debug_info    0x00003720      0x11e .\CortexM3\ARM_GCC_541\Debug\Agua.a(Pin_LED_R.o)
 .debug_info    0x0000383e      0x11e .\CortexM3\ARM_GCC_541\Debug\Agua.a(Pin_LED_V.o)
 .debug_info    0x0000395c      0x50a .\CortexM3\ARM_GCC_541\Debug\Agua.a(UART_ESP.o)
 .debug_info    0x00003e66      0x25d .\CortexM3\ARM_GCC_541\Debug\Agua.a(UART_ESP_IntClock.o)
 .debug_info    0x000040c3      0x50a .\CortexM3\ARM_GCC_541\Debug\Agua.a(UART_PSOC.o)
 .debug_info    0x000045cd      0x25d .\CortexM3\ARM_GCC_541\Debug\Agua.a(UART_PSOC_IntClock.o)
 .debug_info    0x0000482a      0x11e .\CortexM3\ARM_GCC_541\Debug\Agua.a(Pin_Bomba.o)
 .debug_info    0x00004948      0x241 .\CortexM3\ARM_GCC_541\Debug\Agua.a(isr_rx2.o)
 .debug_info    0x00004b89      0x2e3 .\CortexM3\ARM_GCC_541\Debug\Agua.a(PWM.o)
 .debug_info    0x00004e6c      0x245 .\CortexM3\ARM_GCC_541\Debug\Agua.a(timerpH.o)
 .debug_info    0x000050b1       0xd7 .\CortexM3\ARM_GCC_541\Debug\Agua.a(resetTimerpH.o)
 .debug_info    0x00005188      0x241 .\CortexM3\ARM_GCC_541\Debug\Agua.a(int_pH.o)
 .debug_info    0x000053c9       0x95 .\CortexM3\ARM_GCC_541\Debug\Agua.a(CyBootAsmGnu.o)
 .debug_info    0x0000545e      0x3b9 .\CortexM3\ARM_GCC_541\Debug\Agua.a(CyFlash.o)
 .debug_info    0x00005817      0x4c0 .\CortexM3\ARM_GCC_541\Debug\Agua.a(CySpc.o)

.debug_abbrev   0x00000000     0x1fad
 *(.debug_abbrev)
 .debug_abbrev  0x00000000      0x184 .\CortexM3\ARM_GCC_541\Debug\main.o
 .debug_abbrev  0x00000184      0x1b7 .\CortexM3\ARM_GCC_541\Debug\cyfitter_cfg.o
 .debug_abbrev  0x0000033b       0x77 .\CortexM3\ARM_GCC_541\Debug\cymetadata.o
 .debug_abbrev  0x000003b2      0x1d6 .\CortexM3\ARM_GCC_541\Debug\Cm3Start.o
 .debug_abbrev  0x00000588      0x194 .\CortexM3\ARM_GCC_541\Debug\Agua.a(CyDmac.o)
 .debug_abbrev  0x0000071c      0x217 .\CortexM3\ARM_GCC_541\Debug\Agua.a(CyLib.o)
 .debug_abbrev  0x00000933      0x161 .\CortexM3\ARM_GCC_541\Debug\Agua.a(cyPm.o)
 .debug_abbrev  0x00000a94       0x90 .\CortexM3\ARM_GCC_541\Debug\Agua.a(Pin_LED.o)
 .debug_abbrev  0x00000b24      0x155 .\CortexM3\ARM_GCC_541\Debug\Agua.a(ADC_SA1.o)
 .debug_abbrev  0x00000c79       0x42 .\CortexM3\ARM_GCC_541\Debug\Agua.a(ADC_SA1_INT.o)
 .debug_abbrev  0x00000cbb      0x173 .\CortexM3\ARM_GCC_541\Debug\Agua.a(ADC_SA1_SAR.o)
 .debug_abbrev  0x00000e2e       0x8b .\CortexM3\ARM_GCC_541\Debug\Agua.a(ADC_SA1_TempBuf_dma.o)
 .debug_abbrev  0x00000eb9       0x8b .\CortexM3\ARM_GCC_541\Debug\Agua.a(ADC_SA1_FinalBuf_dma.o)
 .debug_abbrev  0x00000f44      0x172 .\CortexM3\ARM_GCC_541\Debug\Agua.a(ADC_SA1_IRQ.o)
 .debug_abbrev  0x000010b6       0x90 .\CortexM3\ARM_GCC_541\Debug\Agua.a(Pin_LED_R.o)
 .debug_abbrev  0x00001146       0x90 .\CortexM3\ARM_GCC_541\Debug\Agua.a(Pin_LED_V.o)
 .debug_abbrev  0x000011d6      0x163 .\CortexM3\ARM_GCC_541\Debug\Agua.a(UART_ESP.o)
 .debug_abbrev  0x00001339      0x11d .\CortexM3\ARM_GCC_541\Debug\Agua.a(UART_ESP_IntClock.o)
 .debug_abbrev  0x00001456      0x163 .\CortexM3\ARM_GCC_541\Debug\Agua.a(UART_PSOC.o)
 .debug_abbrev  0x000015b9      0x11d .\CortexM3\ARM_GCC_541\Debug\Agua.a(UART_PSOC_IntClock.o)
 .debug_abbrev  0x000016d6       0x90 .\CortexM3\ARM_GCC_541\Debug\Agua.a(Pin_Bomba.o)
 .debug_abbrev  0x00001766      0x172 .\CortexM3\ARM_GCC_541\Debug\Agua.a(isr_rx2.o)
 .debug_abbrev  0x000018d8      0x12e .\CortexM3\ARM_GCC_541\Debug\Agua.a(PWM.o)
 .debug_abbrev  0x00001a06       0xe9 .\CortexM3\ARM_GCC_541\Debug\Agua.a(timerpH.o)
 .debug_abbrev  0x00001aef       0x81 .\CortexM3\ARM_GCC_541\Debug\Agua.a(resetTimerpH.o)
 .debug_abbrev  0x00001b70      0x172 .\CortexM3\ARM_GCC_541\Debug\Agua.a(int_pH.o)
 .debug_abbrev  0x00001ce2       0x14 .\CortexM3\ARM_GCC_541\Debug\Agua.a(CyBootAsmGnu.o)
 .debug_abbrev  0x00001cf6      0x14b .\CortexM3\ARM_GCC_541\Debug\Agua.a(CyFlash.o)
 .debug_abbrev  0x00001e41      0x16c .\CortexM3\ARM_GCC_541\Debug\Agua.a(CySpc.o)

.debug_line     0x00000000     0x33d9
 *(.debug_line)
 .debug_line    0x00000000      0x2d8 .\CortexM3\ARM_GCC_541\Debug\main.o
 .debug_line    0x000002d8        0x0 .\CortexM3\ARM_GCC_541\Debug\ESP.o
 .debug_line    0x000002d8        0x0 .\CortexM3\ARM_GCC_541\Debug\Sensores.o
 .debug_line    0x000002d8      0x232 .\CortexM3\ARM_GCC_541\Debug\cyfitter_cfg.o
 .debug_line    0x0000050a      0x141 .\CortexM3\ARM_GCC_541\Debug\cymetadata.o
 .debug_line    0x0000064b      0x1db .\CortexM3\ARM_GCC_541\Debug\Cm3Start.o
 .debug_line    0x00000826      0x2b6 .\CortexM3\ARM_GCC_541\Debug\Agua.a(CyDmac.o)
 .debug_line    0x00000adc      0x883 .\CortexM3\ARM_GCC_541\Debug\Agua.a(CyLib.o)
 .debug_line    0x0000135f      0x38e .\CortexM3\ARM_GCC_541\Debug\Agua.a(cyPm.o)
 .debug_line    0x000016ed       0x97 .\CortexM3\ARM_GCC_541\Debug\Agua.a(Pin_LED.o)
 .debug_line    0x00001784      0x1c7 .\CortexM3\ARM_GCC_541\Debug\Agua.a(ADC_SA1.o)
 .debug_line    0x0000194b       0x57 .\CortexM3\ARM_GCC_541\Debug\Agua.a(ADC_SA1_INT.o)
 .debug_line    0x000019a2      0x20b .\CortexM3\ARM_GCC_541\Debug\Agua.a(ADC_SA1_SAR.o)
 .debug_line    0x00001bad       0x82 .\CortexM3\ARM_GCC_541\Debug\Agua.a(ADC_SA1_TempBuf_dma.o)
 .debug_line    0x00001c2f       0x83 .\CortexM3\ARM_GCC_541\Debug\Agua.a(ADC_SA1_FinalBuf_dma.o)
 .debug_line    0x00001cb2      0x146 .\CortexM3\ARM_GCC_541\Debug\Agua.a(ADC_SA1_IRQ.o)
 .debug_line    0x00001df8       0x99 .\CortexM3\ARM_GCC_541\Debug\Agua.a(Pin_LED_R.o)
 .debug_line    0x00001e91       0x99 .\CortexM3\ARM_GCC_541\Debug\Agua.a(Pin_LED_V.o)
 .debug_line    0x00001f2a      0x2e6 .\CortexM3\ARM_GCC_541\Debug\Agua.a(UART_ESP.o)
 .debug_line    0x00002210      0x1b0 .\CortexM3\ARM_GCC_541\Debug\Agua.a(UART_ESP_IntClock.o)
 .debug_line    0x000023c0      0x2e7 .\CortexM3\ARM_GCC_541\Debug\Agua.a(UART_PSOC.o)
 .debug_line    0x000026a7      0x1b1 .\CortexM3\ARM_GCC_541\Debug\Agua.a(UART_PSOC_IntClock.o)
 .debug_line    0x00002858       0x99 .\CortexM3\ARM_GCC_541\Debug\Agua.a(Pin_Bomba.o)
 .debug_line    0x000028f1      0x152 .\CortexM3\ARM_GCC_541\Debug\Agua.a(isr_rx2.o)
 .debug_line    0x00002a43      0x1aa .\CortexM3\ARM_GCC_541\Debug\Agua.a(PWM.o)
 .debug_line    0x00002bed      0x160 .\CortexM3\ARM_GCC_541\Debug\Agua.a(timerpH.o)
 .debug_line    0x00002d4d       0x75 .\CortexM3\ARM_GCC_541\Debug\Agua.a(resetTimerpH.o)
 .debug_line    0x00002dc2      0x151 .\CortexM3\ARM_GCC_541\Debug\Agua.a(int_pH.o)
 .debug_line    0x00002f13       0x66 .\CortexM3\ARM_GCC_541\Debug\Agua.a(CyBootAsmGnu.o)
 .debug_line    0x00002f79      0x22f .\CortexM3\ARM_GCC_541\Debug\Agua.a(CyFlash.o)
 .debug_line    0x000031a8      0x231 .\CortexM3\ARM_GCC_541\Debug\Agua.a(CySpc.o)

.debug_frame    0x00000000     0x43fc
 *(.debug_frame)
 .debug_frame   0x00000000      0x1b4 .\CortexM3\ARM_GCC_541\Debug\main.o
 .debug_frame   0x000001b4      0x16c .\CortexM3\ARM_GCC_541\Debug\cyfitter_cfg.o
 .debug_frame   0x00000320       0xd8 .\CortexM3\ARM_GCC_541\Debug\Cm3Start.o
 .debug_frame   0x000003f8      0x3d0 .\CortexM3\ARM_GCC_541\Debug\Agua.a(CyDmac.o)
 .debug_frame   0x000007c8      0xc0c .\CortexM3\ARM_GCC_541\Debug\Agua.a(CyLib.o)
 .debug_frame   0x000013d4      0x234 .\CortexM3\ARM_GCC_541\Debug\Agua.a(cyPm.o)
 .debug_frame   0x00001608       0xa8 .\CortexM3\ARM_GCC_541\Debug\Agua.a(Pin_LED.o)
 .debug_frame   0x000016b0      0x264 .\CortexM3\ARM_GCC_541\Debug\Agua.a(ADC_SA1.o)
 .debug_frame   0x00001914       0x34 .\CortexM3\ARM_GCC_541\Debug\Agua.a(ADC_SA1_INT.o)
 .debug_frame   0x00001948      0x2bc .\CortexM3\ARM_GCC_541\Debug\Agua.a(ADC_SA1_SAR.o)
 .debug_frame   0x00001c04       0x58 .\CortexM3\ARM_GCC_541\Debug\Agua.a(ADC_SA1_TempBuf_dma.o)
 .debug_frame   0x00001c5c       0x58 .\CortexM3\ARM_GCC_541\Debug\Agua.a(ADC_SA1_FinalBuf_dma.o)
 .debug_frame   0x00001cb4      0x1e8 .\CortexM3\ARM_GCC_541\Debug\Agua.a(ADC_SA1_IRQ.o)
 .debug_frame   0x00001e9c       0xa8 .\CortexM3\ARM_GCC_541\Debug\Agua.a(Pin_LED_R.o)
 .debug_frame   0x00001f44       0xa8 .\CortexM3\ARM_GCC_541\Debug\Agua.a(Pin_LED_V.o)
 .debug_frame   0x00001fec      0x42c .\CortexM3\ARM_GCC_541\Debug\Agua.a(UART_ESP.o)
 .debug_frame   0x00002418      0x1b4 .\CortexM3\ARM_GCC_541\Debug\Agua.a(UART_ESP_IntClock.o)
 .debug_frame   0x000025cc      0x42c .\CortexM3\ARM_GCC_541\Debug\Agua.a(UART_PSOC.o)
 .debug_frame   0x000029f8      0x1b4 .\CortexM3\ARM_GCC_541\Debug\Agua.a(UART_PSOC_IntClock.o)
 .debug_frame   0x00002bac       0xa8 .\CortexM3\ARM_GCC_541\Debug\Agua.a(Pin_Bomba.o)
 .debug_frame   0x00002c54      0x1e8 .\CortexM3\ARM_GCC_541\Debug\Agua.a(isr_rx2.o)
 .debug_frame   0x00002e3c      0x2a8 .\CortexM3\ARM_GCC_541\Debug\Agua.a(PWM.o)
 .debug_frame   0x000030e4      0x208 .\CortexM3\ARM_GCC_541\Debug\Agua.a(timerpH.o)
 .debug_frame   0x000032ec       0x5c .\CortexM3\ARM_GCC_541\Debug\Agua.a(resetTimerpH.o)
 .debug_frame   0x00003348      0x1e8 .\CortexM3\ARM_GCC_541\Debug\Agua.a(int_pH.o)
 .debug_frame   0x00003530      0x238 .\CortexM3\ARM_GCC_541\Debug\Agua.a(CyFlash.o)
 .debug_frame   0x00003768      0x228 .\CortexM3\ARM_GCC_541\Debug\Agua.a(CySpc.o)
 .debug_frame   0x00003990       0x44 c:/program files (x86)/cypress/psoc creator/4.4/psoc creator/import/gnu/arm/5.4.1/bin/../lib/gcc/arm-none-eabi/5.4.1/armv7-m\libgcc.a(_aeabi_ldivmod.o)
 .debug_frame   0x000039d4       0x38 c:/program files (x86)/cypress/psoc creator/4.4/psoc creator/import/gnu/arm/5.4.1/bin/../lib/gcc/arm-none-eabi/5.4.1/armv7-m\libgcc.a(_udivmoddi4.o)
 .debug_frame   0x00003a0c       0x20 c:/program files (x86)/cypress/psoc creator/4.4/psoc creator/import/gnu/arm/5.4.1/bin/../lib/gcc/arm-none-eabi/5.4.1/../../../../arm-none-eabi/lib/armv7-m\libg_nano.a(lib_a-errno.o)
 .debug_frame   0x00003a2c       0x28 c:/program files (x86)/cypress/psoc creator/4.4/psoc creator/import/gnu/arm/5.4.1/bin/../lib/gcc/arm-none-eabi/5.4.1/../../../../arm-none-eabi/lib/armv7-m\libg_nano.a(lib_a-exit.o)
 .debug_frame   0x00003a54       0x2c c:/program files (x86)/cypress/psoc creator/4.4/psoc creator/import/gnu/arm/5.4.1/bin/../lib/gcc/arm-none-eabi/5.4.1/../../../../arm-none-eabi/lib/armv7-m\libg_nano.a(lib_a-init.o)
 .debug_frame   0x00003a80       0x28 c:/program files (x86)/cypress/psoc creator/4.4/psoc creator/import/gnu/arm/5.4.1/bin/../lib/gcc/arm-none-eabi/5.4.1/../../../../arm-none-eabi/lib/armv7-m\libg_nano.a(lib_a-memcpy-stub.o)
 .debug_frame   0x00003aa8       0x20 c:/program files (x86)/cypress/psoc creator/4.4/psoc creator/import/gnu/arm/5.4.1/bin/../lib/gcc/arm-none-eabi/5.4.1/../../../../arm-none-eabi/lib/armv7-m\libg_nano.a(lib_a-memset.o)
 .debug_frame   0x00003ac8       0x8c c:/program files (x86)/cypress/psoc creator/4.4/psoc creator/import/gnu/arm/5.4.1/bin/../lib/gcc/arm-none-eabi/5.4.1/../../../../arm-none-eabi/lib/armv7-m\libg_nano.a(lib_a-nano-vfprintf_float.o)
 .debug_frame   0x00003b54       0x60 c:/program files (x86)/cypress/psoc creator/4.4/psoc creator/import/gnu/arm/5.4.1/bin/../lib/gcc/arm-none-eabi/5.4.1/../../../../arm-none-eabi/lib/armv7-m\libg_nano.a(lib_a-nano-vfprintf_i.o)
 .debug_frame   0x00003bb4       0x74 c:/program files (x86)/cypress/psoc creator/4.4/psoc creator/import/gnu/arm/5.4.1/bin/../lib/gcc/arm-none-eabi/5.4.1/../../../../arm-none-eabi/lib/armv7-m\libg_nano.a(lib_a-snprintf.o)
 .debug_frame   0x00003c28       0x98 c:/program files (x86)/cypress/psoc creator/4.4/psoc creator/import/gnu/arm/5.4.1/bin/../lib/gcc/arm-none-eabi/5.4.1/../../../../arm-none-eabi/lib/armv7-m\libg_nano.a(lib_a-strtod.o)
 .debug_frame   0x00003cc0       0x6c c:/program files (x86)/cypress/psoc creator/4.4/psoc creator/import/gnu/arm/5.4.1/bin/../lib/gcc/arm-none-eabi/5.4.1/../../../../arm-none-eabi/lib/armv7-m\libg_nano.a(lib_a-dtoa.o)
 .debug_frame   0x00003d2c       0x70 c:/program files (x86)/cypress/psoc creator/4.4/psoc creator/import/gnu/arm/5.4.1/bin/../lib/gcc/arm-none-eabi/5.4.1/../../../../arm-none-eabi/lib/armv7-m\libg_nano.a(lib_a-gdtoa-gethex.o)
 .debug_frame   0x00003d9c       0x74 c:/program files (x86)/cypress/psoc creator/4.4/psoc creator/import/gnu/arm/5.4.1/bin/../lib/gcc/arm-none-eabi/5.4.1/../../../../arm-none-eabi/lib/armv7-m\libg_nano.a(lib_a-gdtoa-hexnan.o)
 .debug_frame   0x00003e10       0x98 c:/program files (x86)/cypress/psoc creator/4.4/psoc creator/import/gnu/arm/5.4.1/bin/../lib/gcc/arm-none-eabi/5.4.1/../../../../arm-none-eabi/lib/armv7-m\libg_nano.a(lib_a-locale.o)
 .debug_frame   0x00003ea8       0x30 c:/program files (x86)/cypress/psoc creator/4.4/psoc creator/import/gnu/arm/5.4.1/bin/../lib/gcc/arm-none-eabi/5.4.1/../../../../arm-none-eabi/lib/armv7-m\libg_nano.a(lib_a-malloc.o)
 .debug_frame   0x00003ed8       0x28 c:/program files (x86)/cypress/psoc creator/4.4/psoc creator/import/gnu/arm/5.4.1/bin/../lib/gcc/arm-none-eabi/5.4.1/../../../../arm-none-eabi/lib/armv7-m\libg_nano.a(lib_a-memchr-stub.o)
 .debug_frame   0x00003f00      0x234 c:/program files (x86)/cypress/psoc creator/4.4/psoc creator/import/gnu/arm/5.4.1/bin/../lib/gcc/arm-none-eabi/5.4.1/../../../../arm-none-eabi/lib/armv7-m\libg_nano.a(lib_a-mprec.o)
 .debug_frame   0x00004134       0x2c c:/program files (x86)/cypress/psoc creator/4.4/psoc creator/import/gnu/arm/5.4.1/bin/../lib/gcc/arm-none-eabi/5.4.1/../../../../arm-none-eabi/lib/armv7-m\libg_nano.a(lib_a-nano-callocr.o)
 .debug_frame   0x00004160       0x38 c:/program files (x86)/cypress/psoc creator/4.4/psoc creator/import/gnu/arm/5.4.1/bin/../lib/gcc/arm-none-eabi/5.4.1/../../../../arm-none-eabi/lib/armv7-m\libg_nano.a(lib_a-nano-freer.o)
 .debug_frame   0x00004198       0x2c c:/program files (x86)/cypress/psoc creator/4.4/psoc creator/import/gnu/arm/5.4.1/bin/../lib/gcc/arm-none-eabi/5.4.1/../../../../arm-none-eabi/lib/armv7-m\libg_nano.a(lib_a-nano-mallocr.o)
 .debug_frame   0x000041c4       0x90 c:/program files (x86)/cypress/psoc creator/4.4/psoc creator/import/gnu/arm/5.4.1/bin/../lib/gcc/arm-none-eabi/5.4.1/../../../../arm-none-eabi/lib/armv7-m\libg_nano.a(lib_a-nano-svfprintf.o)
 .debug_frame   0x00004254       0x2c c:/program files (x86)/cypress/psoc creator/4.4/psoc creator/import/gnu/arm/5.4.1/bin/../lib/gcc/arm-none-eabi/5.4.1/../../../../arm-none-eabi/lib/armv7-m\libg_nano.a(lib_a-sbrkr.o)
 .debug_frame   0x00004280       0x20 c:/program files (x86)/cypress/psoc creator/4.4/psoc creator/import/gnu/arm/5.4.1/bin/../lib/gcc/arm-none-eabi/5.4.1/../../../../arm-none-eabi/lib/armv7-m\libg_nano.a(lib_a-sf_nan.o)
 .debug_frame   0x000042a0       0x20 c:/program files (x86)/cypress/psoc creator/4.4/psoc creator/import/gnu/arm/5.4.1/bin/../lib/gcc/arm-none-eabi/5.4.1/../../../../arm-none-eabi/lib/armv7-m\libg_nano.a(lib_a-strcmp.o)
 .debug_frame   0x000042c0       0x2c c:/program files (x86)/cypress/psoc creator/4.4/psoc creator/import/gnu/arm/5.4.1/bin/../lib/gcc/arm-none-eabi/5.4.1/../../../../arm-none-eabi/lib/armv7-m\libg_nano.a(lib_a-strncmp.o)
 .debug_frame   0x000042ec       0x28 c:/program files (x86)/cypress/psoc creator/4.4/psoc creator/import/gnu/arm/5.4.1/bin/../lib/gcc/arm-none-eabi/5.4.1/../../../../arm-none-eabi/lib/armv7-m\libg_nano.a(lib_a-memmove.o)
 .debug_frame   0x00004314       0x30 c:/program files (x86)/cypress/psoc creator/4.4/psoc creator/import/gnu/arm/5.4.1/bin/../lib/gcc/arm-none-eabi/5.4.1/../../../../arm-none-eabi/lib/armv7-m\libg_nano.a(lib_a-mlock.o)
 .debug_frame   0x00004344       0x3c c:/program files (x86)/cypress/psoc creator/4.4/psoc creator/import/gnu/arm/5.4.1/bin/../lib/gcc/arm-none-eabi/5.4.1/../../../../arm-none-eabi/lib/armv7-m\libg_nano.a(lib_a-nano-reallocr.o)
 .debug_frame   0x00004380       0x5c c:/program files (x86)/cypress/psoc creator/4.4/psoc creator/import/gnu/arm/5.4.1/bin/../lib/gcc/arm-none-eabi/5.4.1/../../../../arm-none-eabi/lib/armv7-m\libg_nano.a(lib_a-reent.o)
 .debug_frame   0x000043dc       0x20 c:/program files (x86)/cypress/psoc creator/4.4/psoc creator/import/gnu/arm/5.4.1/bin/../lib/gcc/arm-none-eabi/5.4.1/../../../../arm-none-eabi/lib/armv7-m\libg_nano.a(lib_a-nano-msizer.o)

.debug_str      0x00000000     0x2de1
 *(.debug_str)
 .debug_str     0x00000000      0x27d .\CortexM3\ARM_GCC_541\Debug\main.o
                                0x2df (size before relaxing)
 .debug_str     0x0000027d      0x27d .\CortexM3\ARM_GCC_541\Debug\ESP.o
                                 0xdb (size before relaxing)
 .debug_str     0x0000027d        0xb .\CortexM3\ARM_GCC_541\Debug\Sensores.o
                                 0xe0 (size before relaxing)
 .debug_str     0x00000288      0x1a9 .\CortexM3\ARM_GCC_541\Debug\cyfitter_cfg.o
                                0x33d (size before relaxing)
 .debug_str     0x00000431       0x75 .\CortexM3\ARM_GCC_541\Debug\cymetadata.o
                                0x1e9 (size before relaxing)
 .debug_str     0x000004a6      0x123 .\CortexM3\ARM_GCC_541\Debug\Cm3Start.o
                                0x2dc (size before relaxing)
 .debug_str     0x000005c9      0x366 .\CortexM3\ARM_GCC_541\Debug\Agua.a(CyDmac.o)
                                0x522 (size before relaxing)
 .debug_str     0x0000092f      0x7de .\CortexM3\ARM_GCC_541\Debug\Agua.a(CyLib.o)
                                0x9ef (size before relaxing)
 .debug_str     0x0000110d      0x371 .\CortexM3\ARM_GCC_541\Debug\Agua.a(cyPm.o)
                                0x548 (size before relaxing)
 .debug_str     0x0000147e       0x70 .\CortexM3\ARM_GCC_541\Debug\Agua.a(Pin_LED.o)
                                0x1f1 (size before relaxing)
 .debug_str     0x000014ee      0x233 .\CortexM3\ARM_GCC_541\Debug\Agua.a(ADC_SA1.o)
                                0x3ec (size before relaxing)
 .debug_str     0x00001721       0x31 .\CortexM3\ARM_GCC_541\Debug\Agua.a(ADC_SA1_INT.o)
                                0x1b1 (size before relaxing)
 .debug_str     0x00001752      0x240 .\CortexM3\ARM_GCC_541\Debug\Agua.a(ADC_SA1_SAR.o)
                                0x465 (size before relaxing)
 .debug_str     0x00001992       0xbb .\CortexM3\ARM_GCC_541\Debug\Agua.a(ADC_SA1_TempBuf_dma.o)
                                0x248 (size before relaxing)
 .debug_str     0x00001a4d       0x84 .\CortexM3\ARM_GCC_541\Debug\Agua.a(ADC_SA1_FinalBuf_dma.o)
                                0x24c (size before relaxing)
 .debug_str     0x00001ad1      0x13a .\CortexM3\ARM_GCC_541\Debug\Agua.a(ADC_SA1_IRQ.o)
                                0x2ff (size before relaxing)
 .debug_str     0x00001c0b       0x6f .\CortexM3\ARM_GCC_541\Debug\Agua.a(Pin_LED_R.o)
                                0x1fb (size before relaxing)
 .debug_str     0x00001c7a       0x6f .\CortexM3\ARM_GCC_541\Debug\Agua.a(Pin_LED_V.o)
                                0x1fb (size before relaxing)
 .debug_str     0x00001ce9      0x2db .\CortexM3\ARM_GCC_541\Debug\Agua.a(UART_ESP.o)
                                0x49a (size before relaxing)
 .debug_str     0x00001fc4      0x1da .\CortexM3\ARM_GCC_541\Debug\Agua.a(UART_ESP_IntClock.o)
                                0x36b (size before relaxing)
 .debug_str     0x0000219e      0x291 .\CortexM3\ARM_GCC_541\Debug\Agua.a(UART_PSOC.o)
                                0x4b7 (size before relaxing)
 .debug_str     0x0000242f      0x19b .\CortexM3\ARM_GCC_541\Debug\Agua.a(UART_PSOC_IntClock.o)
                                0x377 (size before relaxing)
 .debug_str     0x000025ca       0x6f .\CortexM3\ARM_GCC_541\Debug\Agua.a(Pin_Bomba.o)
                                0x1fb (size before relaxing)
 .debug_str     0x00002639      0x102 .\CortexM3\ARM_GCC_541\Debug\Agua.a(isr_rx2.o)
                                0x2c7 (size before relaxing)
 .debug_str     0x0000273b      0x18e .\CortexM3\ARM_GCC_541\Debug\Agua.a(PWM.o)
                                0x335 (size before relaxing)
 .debug_str     0x000028c9      0x15d .\CortexM3\ARM_GCC_541\Debug\Agua.a(timerpH.o)
                                0x31a (size before relaxing)
 .debug_str     0x00002a26       0x4b .\CortexM3\ARM_GCC_541\Debug\Agua.a(resetTimerpH.o)
                                0x1c9 (size before relaxing)
 .debug_str     0x00002a71       0xf4 .\CortexM3\ARM_GCC_541\Debug\Agua.a(int_pH.o)
                                0x2b9 (size before relaxing)
 .debug_str     0x00002b65      0x14f .\CortexM3\ARM_GCC_541\Debug\Agua.a(CyFlash.o)
                                0x30c (size before relaxing)
 .debug_str     0x00002cb4      0x12d .\CortexM3\ARM_GCC_541\Debug\Agua.a(CySpc.o)
                                0x306 (size before relaxing)

.debug_loc
 *(.debug_loc)

.debug_macinfo
 *(.debug_macinfo)

.debug_ranges   0x00000000      0xcc8
 *(.debug_ranges)
 .debug_ranges  0x00000000       0x78 .\CortexM3\ARM_GCC_541\Debug\main.o
 .debug_ranges  0x00000078       0x50 .\CortexM3\ARM_GCC_541\Debug\cyfitter_cfg.o
 .debug_ranges  0x000000c8       0x38 .\CortexM3\ARM_GCC_541\Debug\Cm3Start.o
 .debug_ranges  0x00000100       0xc8 .\CortexM3\ARM_GCC_541\Debug\Agua.a(CyDmac.o)
 .debug_ranges  0x000001c8      0x290 .\CortexM3\ARM_GCC_541\Debug\Agua.a(CyLib.o)
 .debug_ranges  0x00000458       0x88 .\CortexM3\ARM_GCC_541\Debug\Agua.a(cyPm.o)
 .debug_ranges  0x000004e0       0x28 .\CortexM3\ARM_GCC_541\Debug\Agua.a(Pin_LED.o)
 .debug_ranges  0x00000508       0x90 .\CortexM3\ARM_GCC_541\Debug\Agua.a(ADC_SA1.o)
 .debug_ranges  0x00000598       0x10 .\CortexM3\ARM_GCC_541\Debug\Agua.a(ADC_SA1_INT.o)
 .debug_ranges  0x000005a8       0x98 .\CortexM3\ARM_GCC_541\Debug\Agua.a(ADC_SA1_SAR.o)
 .debug_ranges  0x00000640       0x18 .\CortexM3\ARM_GCC_541\Debug\Agua.a(ADC_SA1_TempBuf_dma.o)
 .debug_ranges  0x00000658       0x18 .\CortexM3\ARM_GCC_541\Debug\Agua.a(ADC_SA1_FinalBuf_dma.o)
 .debug_ranges  0x00000670       0x70 .\CortexM3\ARM_GCC_541\Debug\Agua.a(ADC_SA1_IRQ.o)
 .debug_ranges  0x000006e0       0x28 .\CortexM3\ARM_GCC_541\Debug\Agua.a(Pin_LED_R.o)
 .debug_ranges  0x00000708       0x28 .\CortexM3\ARM_GCC_541\Debug\Agua.a(Pin_LED_V.o)
 .debug_ranges  0x00000730       0xe0 .\CortexM3\ARM_GCC_541\Debug\Agua.a(UART_ESP.o)
 .debug_ranges  0x00000810       0x60 .\CortexM3\ARM_GCC_541\Debug\Agua.a(UART_ESP_IntClock.o)
 .debug_ranges  0x00000870       0xe0 .\CortexM3\ARM_GCC_541\Debug\Agua.a(UART_PSOC.o)
 .debug_ranges  0x00000950       0x60 .\CortexM3\ARM_GCC_541\Debug\Agua.a(UART_PSOC_IntClock.o)
 .debug_ranges  0x000009b0       0x28 .\CortexM3\ARM_GCC_541\Debug\Agua.a(Pin_Bomba.o)
 .debug_ranges  0x000009d8       0x70 .\CortexM3\ARM_GCC_541\Debug\Agua.a(isr_rx2.o)
 .debug_ranges  0x00000a48       0x98 .\CortexM3\ARM_GCC_541\Debug\Agua.a(PWM.o)
 .debug_ranges  0x00000ae0       0x78 .\CortexM3\ARM_GCC_541\Debug\Agua.a(timerpH.o)
 .debug_ranges  0x00000b58       0x18 .\CortexM3\ARM_GCC_541\Debug\Agua.a(resetTimerpH.o)
 .debug_ranges  0x00000b70       0x70 .\CortexM3\ARM_GCC_541\Debug\Agua.a(int_pH.o)
 .debug_ranges  0x00000be0       0x78 .\CortexM3\ARM_GCC_541\Debug\Agua.a(CyFlash.o)
 .debug_ranges  0x00000c58       0x70 .\CortexM3\ARM_GCC_541\Debug\Agua.a(CySpc.o)

.comment        0x00000000       0x6e
 .comment       0x00000000       0x6e .\CortexM3\ARM_GCC_541\Debug\main.o
                                 0x6f (size before relaxing)
 .comment       0x0000006e       0x6f .\CortexM3\ARM_GCC_541\Debug\ESP.o
 .comment       0x0000006e       0x6f .\CortexM3\ARM_GCC_541\Debug\Sensores.o
 .comment       0x0000006e       0x6f .\CortexM3\ARM_GCC_541\Debug\cyfitter_cfg.o
 .comment       0x0000006e       0x6f .\CortexM3\ARM_GCC_541\Debug\cymetadata.o
 .comment       0x0000006e       0x6f .\CortexM3\ARM_GCC_541\Debug\Cm3Start.o
 .comment       0x0000006e       0x6f .\CortexM3\ARM_GCC_541\Debug\Agua.a(CyDmac.o)
 .comment       0x0000006e       0x6f .\CortexM3\ARM_GCC_541\Debug\Agua.a(CyLib.o)
 .comment       0x0000006e       0x6f .\CortexM3\ARM_GCC_541\Debug\Agua.a(cyPm.o)
 .comment       0x0000006e       0x6f .\CortexM3\ARM_GCC_541\Debug\Agua.a(Pin_LED.o)
 .comment       0x0000006e       0x6f .\CortexM3\ARM_GCC_541\Debug\Agua.a(ADC_SA1.o)
 .comment       0x0000006e       0x6f .\CortexM3\ARM_GCC_541\Debug\Agua.a(ADC_SA1_INT.o)
 .comment       0x0000006e       0x6f .\CortexM3\ARM_GCC_541\Debug\Agua.a(ADC_SA1_SAR.o)
 .comment       0x0000006e       0x6f .\CortexM3\ARM_GCC_541\Debug\Agua.a(ADC_SA1_TempBuf_dma.o)
 .comment       0x0000006e       0x6f .\CortexM3\ARM_GCC_541\Debug\Agua.a(ADC_SA1_FinalBuf_dma.o)
 .comment       0x0000006e       0x6f .\CortexM3\ARM_GCC_541\Debug\Agua.a(ADC_SA1_IRQ.o)
 .comment       0x0000006e       0x6f .\CortexM3\ARM_GCC_541\Debug\Agua.a(Pin_LED_R.o)
 .comment       0x0000006e       0x6f .\CortexM3\ARM_GCC_541\Debug\Agua.a(Pin_LED_V.o)
 .comment       0x0000006e       0x6f .\CortexM3\ARM_GCC_541\Debug\Agua.a(UART_ESP.o)
 .comment       0x0000006e       0x6f .\CortexM3\ARM_GCC_541\Debug\Agua.a(UART_ESP_IntClock.o)
 .comment       0x0000006e       0x6f .\CortexM3\ARM_GCC_541\Debug\Agua.a(UART_PSOC.o)
 .comment       0x0000006e       0x6f .\CortexM3\ARM_GCC_541\Debug\Agua.a(UART_PSOC_IntClock.o)
 .comment       0x0000006e       0x6f .\CortexM3\ARM_GCC_541\Debug\Agua.a(Pin_Bomba.o)
 .comment       0x0000006e       0x6f .\CortexM3\ARM_GCC_541\Debug\Agua.a(isr_rx2.o)
 .comment       0x0000006e       0x6f .\CortexM3\ARM_GCC_541\Debug\Agua.a(PWM.o)
 .comment       0x0000006e       0x6f .\CortexM3\ARM_GCC_541\Debug\Agua.a(timerpH.o)
 .comment       0x0000006e       0x6f .\CortexM3\ARM_GCC_541\Debug\Agua.a(resetTimerpH.o)
 .comment       0x0000006e       0x6f .\CortexM3\ARM_GCC_541\Debug\Agua.a(int_pH.o)
 .comment       0x0000006e       0x6f .\CortexM3\ARM_GCC_541\Debug\Agua.a(CyFlash.o)
 .comment       0x0000006e       0x6f .\CortexM3\ARM_GCC_541\Debug\Agua.a(CySpc.o)

.debug_weaknames
 *(.debug_weaknames)

.debug_funcnames
 *(.debug_funcnames)

.debug_typenames
 *(.debug_typenames)

.debug_varnames
 *(.debug_varnames)

.note.gnu.arm.ident
 *(.note.gnu.arm.ident)

.ARM.attributes
                0x00000000       0x29
 *(.ARM.attributes)
 .ARM.attributes
                0x00000000       0x1d c:/program files (x86)/cypress/psoc creator/4.4/psoc creator/import/gnu/arm/5.4.1/bin/../lib/gcc/arm-none-eabi/5.4.1/armv7-m/crti.o
 .ARM.attributes
                0x0000001d       0x2d c:/program files (x86)/cypress/psoc creator/4.4/psoc creator/import/gnu/arm/5.4.1/bin/../lib/gcc/arm-none-eabi/5.4.1/armv7-m/crtbegin.o
 .ARM.attributes
                0x0000004a       0x1b c:/program files (x86)/cypress/psoc creator/4.4/psoc creator/import/gnu/arm/5.4.1/bin/../lib/gcc/arm-none-eabi/5.4.1/../../../../arm-none-eabi/lib/armv7-m/crt0.o
 .ARM.attributes
                0x00000065       0x33 .\CortexM3\ARM_GCC_541\Debug\main.o
 .ARM.attributes
                0x00000098       0x33 .\CortexM3\ARM_GCC_541\Debug\ESP.o
 .ARM.attributes
                0x000000cb       0x33 .\CortexM3\ARM_GCC_541\Debug\Sensores.o
 .ARM.attributes
                0x000000fe       0x33 .\CortexM3\ARM_GCC_541\Debug\cyfitter_cfg.o
 .ARM.attributes
                0x00000131       0x33 .\CortexM3\ARM_GCC_541\Debug\cymetadata.o
 .ARM.attributes
                0x00000164       0x33 .\CortexM3\ARM_GCC_541\Debug\Cm3Start.o
 .ARM.attributes
                0x00000197       0x33 .\CortexM3\ARM_GCC_541\Debug\Agua.a(CyDmac.o)
 .ARM.attributes
                0x000001ca       0x33 .\CortexM3\ARM_GCC_541\Debug\Agua.a(CyLib.o)
 .ARM.attributes
                0x000001fd       0x33 .\CortexM3\ARM_GCC_541\Debug\Agua.a(cyPm.o)
 .ARM.attributes
                0x00000230       0x33 .\CortexM3\ARM_GCC_541\Debug\Agua.a(Pin_LED.o)
 .ARM.attributes
                0x00000263       0x33 .\CortexM3\ARM_GCC_541\Debug\Agua.a(ADC_SA1.o)
 .ARM.attributes
                0x00000296       0x33 .\CortexM3\ARM_GCC_541\Debug\Agua.a(ADC_SA1_INT.o)
 .ARM.attributes
                0x000002c9       0x33 .\CortexM3\ARM_GCC_541\Debug\Agua.a(ADC_SA1_SAR.o)
 .ARM.attributes
                0x000002fc       0x33 .\CortexM3\ARM_GCC_541\Debug\Agua.a(ADC_SA1_TempBuf_dma.o)
 .ARM.attributes
                0x0000032f       0x33 .\CortexM3\ARM_GCC_541\Debug\Agua.a(ADC_SA1_FinalBuf_dma.o)
 .ARM.attributes
                0x00000362       0x33 .\CortexM3\ARM_GCC_541\Debug\Agua.a(ADC_SA1_IRQ.o)
 .ARM.attributes
                0x00000395       0x33 .\CortexM3\ARM_GCC_541\Debug\Agua.a(Pin_LED_R.o)
 .ARM.attributes
                0x000003c8       0x33 .\CortexM3\ARM_GCC_541\Debug\Agua.a(Pin_LED_V.o)
 .ARM.attributes
                0x000003fb       0x33 .\CortexM3\ARM_GCC_541\Debug\Agua.a(UART_ESP.o)
 .ARM.attributes
                0x0000042e       0x33 .\CortexM3\ARM_GCC_541\Debug\Agua.a(UART_ESP_IntClock.o)
 .ARM.attributes
                0x00000461       0x33 .\CortexM3\ARM_GCC_541\Debug\Agua.a(UART_PSOC.o)
 .ARM.attributes
                0x00000494       0x33 .\CortexM3\ARM_GCC_541\Debug\Agua.a(UART_PSOC_IntClock.o)
 .ARM.attributes
                0x000004c7       0x33 .\CortexM3\ARM_GCC_541\Debug\Agua.a(Pin_Bomba.o)
 .ARM.attributes
                0x000004fa       0x33 .\CortexM3\ARM_GCC_541\Debug\Agua.a(isr_rx2.o)
 .ARM.attributes
                0x0000052d       0x33 .\CortexM3\ARM_GCC_541\Debug\Agua.a(PWM.o)
 .ARM.attributes
                0x00000560       0x33 .\CortexM3\ARM_GCC_541\Debug\Agua.a(timerpH.o)
 .ARM.attributes
                0x00000593       0x33 .\CortexM3\ARM_GCC_541\Debug\Agua.a(resetTimerpH.o)
 .ARM.attributes
                0x000005c6       0x33 .\CortexM3\ARM_GCC_541\Debug\Agua.a(int_pH.o)
 .ARM.attributes
                0x000005f9       0x21 .\CortexM3\ARM_GCC_541\Debug\Agua.a(CyBootAsmGnu.o)
 .ARM.attributes
                0x0000061a       0x33 .\CortexM3\ARM_GCC_541\Debug\Agua.a(CyFlash.o)
 .ARM.attributes
                0x0000064d       0x33 .\CortexM3\ARM_GCC_541\Debug\Agua.a(CySpc.o)