ARM GAS  C:\Users\UCA-MA~1\AppData\Local\Temp\cctX9iQq.s 			page 1


   1              		.syntax unified
   2              		.cpu cortex-m3
   3              		.fpu softvfp
   4              		.eabi_attribute 20, 1
   5              		.eabi_attribute 21, 1
   6              		.eabi_attribute 23, 3
   7              		.eabi_attribute 24, 1
   8              		.eabi_attribute 25, 1
   9              		.eabi_attribute 26, 1
  10              		.eabi_attribute 30, 6
  11              		.eabi_attribute 34, 1
  12              		.eabi_attribute 18, 4
  13              		.thumb
  14              		.syntax unified
  15              		.file	"ESP.c"
  16              		.text
  17              	.Ltext0:
  18              		.cfi_sections	.debug_frame
  19              	.Letext0:
  20              		.section	.debug_line,"",%progbits
  21              	.Ldebug_line0:
  22              		.section	.debug_str,"MS",%progbits,1
  23              	.LASF0:
  24 0000 433A5C55 		.ascii	"C:\\Users\\UCA-Master\\Documents\\PSoC Creator\\ADC"
  24      73657273 
  24      5C554341 
  24      2D4D6173 
  24      7465725C 
  25 002e 5F53656E 		.ascii	"_SensordeAgua\\Agua.cydsn\000"
  25      736F7264 
  25      65416775 
  25      615C4167 
  25      75612E63 
  26              	.LASF1:
  27 0047 4553502E 		.ascii	"ESP.c\000"
  27      6300
  28              	.LASF2:
  29 004d 474E5520 		.ascii	"GNU C11 5.4.1 20160609 (release) [ARM/embedded-5-br"
  29      43313120 
  29      352E342E 
  29      31203230 
  29      31363036 
  30 0080 616E6368 		.ascii	"anch revision 237715] -mcpu=cortex-m3 -mthumb -g -O"
  30      20726576 
  30      6973696F 
  30      6E203233 
  30      37373135 
  31 00b3 30202D66 		.ascii	"0 -ffunction-sections -ffat-lto-objects\000"
  31      66756E63 
  31      74696F6E 
  31      2D736563 
  31      74696F6E 
  32              		.ident	"GCC: (GNU Tools for ARM Embedded Processors) 5.4.1 20160609 (release) [ARM/embedded-5-bran
