ARM GAS  C:\Users\UCA-MA~1\AppData\Local\Temp\ccCbBZOp.s 			page 1


   1              		.syntax unified
   2              		.cpu cortex-m3
   3              		.fpu softvfp
   4              		.eabi_attribute 20, 1
   5              		.eabi_attribute 21, 1
   6              		.eabi_attribute 23, 3
   7              		.eabi_attribute 24, 1
   8              		.eabi_attribute 25, 1
   9              		.eabi_attribute 26, 1
  10              		.eabi_attribute 30, 1
  11              		.eabi_attribute 34, 1
  12              		.eabi_attribute 18, 4
  13              		.thumb
  14              		.syntax unified
  15              		.file	"untitled01.c"
  16              		.text
  17              	.Ltext0:
  18              		.cfi_sections	.debug_frame
  19              	.Letext0:
  20              		.section	.debug_line,"",%progbits
  21              	.Ldebug_line0:
  22              		.section	.debug_str,"MS",%progbits,1
  23              	.LASF0:
  24 0000 433A5C55 		.ascii	"C:\\Users\\UCA-Master\\Documents\\PSoC Creator\\ADC"
  24      73657273 
  24      5C554341 
  24      2D4D6173 
  24      7465725C 
  25 002e 5F53656E 		.ascii	"_SensordeAgua\\Agua.cydsn\000"
  25      736F7264 
  25      65416775 
  25      615C4167 
  25      75612E63 
  26              	.LASF1:
  27 0047 474E5520 		.ascii	"GNU C11 5.4.1 20160609 (release) [ARM/embedded-5-br"
  27      43313120 
  27      352E342E 
  27      31203230 
  27      31363036 
  28 007a 616E6368 		.ascii	"anch revision 237715] -mcpu=cortex-m3 -mthumb -g -O"
  28      20726576 
  28      6973696F 
  28      6E203233 
  28      37373135 
  29 00ad 67202D66 		.ascii	"g -ffunction-sections -ffat-lto-objects\000"
  29      66756E63 
  29      74696F6E 
  29      2D736563 
  29      74696F6E 
  30              	.LASF2:
  31 00d5 756E7469 		.ascii	"untitled01.c\000"
  31      746C6564 
  31      30312E63 
  31      00
  32              		.ident	"GCC: (GNU Tools for ARM Embedded Processors) 5.4.1 20160609 (release) [ARM/embedded-5-bran
